<html>
<body>
<pre>
<h1>µVision Build Log</h1>
<h2>Tool Versions:</h2>
IDE-Version: µVision V5.28.0.0
Copyright (C) 2019 ARM Ltd and ARM Germany GmbH. All rights reserved.
License Information: tian Administrator, school, LIC=KIVDY-IKRXN-SEIH0-BXWRX-KQD6Y-K00VX
 
Tool Versions:
Toolchain:       MDK-ARM Professional  Version: 5.28.0.0
Toolchain Path:  D:\Keil_v5\ARM\ARMCC\Bin
C Compiler:      Armcc.exe V5.06 update 6 (build 750)
Assembler:       Armasm.exe V5.06 update 6 (build 750)
Linker/Locator:  ArmLink.exe V5.06 update 6 (build 750)
Library Manager: ArmAr.exe V5.06 update 6 (build 750)
Hex Converter:   FromElf.exe V5.06 update 6 (build 750)
CPU DLL:         SARMCM3.DLL V5.28.0.0
Dialog DLL:      DCM.DLL V1.17.3.0
Target DLL:      Segger\JL2CM3.dll V2.99.36.0
Dialog DLL:      TCM.DLL V1.36.2.0
 
<h2>Project:</h2>
E:\game\stm32_control-master\Project\RVMDK£¨uv5£©\BH-F429.uvprojx
Project File Date:  01/09/2020

<h2>Output:</h2>
*** Using Compiler 'V5.06 update 6 (build 750)', folder: 'D:\Keil_v5\ARM\ARMCC\Bin'
Build target 'MPU6050'
compiling stm32f4xx_it.c...
compiling main.c...
compiling analysis.c...
..\..\User\data_analysis\analysis.c(309): warning:  #177-D: function "setup_gyro"  was declared but never referenced
  static void setup_gyro(void)
..\..\User\data_analysis\analysis.c(383): warning:  #177-D: function "run_self_test"  was declared but never referenced
  static inline void run_self_test(void)
..\..\User\data_analysis\analysis.c: 2 warnings, 0 errors
linking...
Program Size: Code=41164 RO-data=8328 RW-data=168 ZI-data=4400  
FromELF: creating hex file...
"..\..\Output\MPU6050.axf" - 0 Error(s), 2 Warning(s).

<h2>Software Packages used:</h2>

Package Vendor: Keil
                http://www.keil.com/pack/Keil.STM32F4xx_DFP.2.13.0.pack
                Keil.STM32F4xx_DFP.2.13.0
                STMicroelectronics STM32F4 Series Device Support, Drivers and Examples

<h2>Collection of Component include folders:</h2>
  .\RTE\_MPU6050
  D:\Keil_v5\Arm\Packs\Keil\STM32F4xx_DFP\2.13.0\Drivers\CMSIS\Device\ST\STM32F4xx\Include

<h2>Collection of Component Files used:</h2>
Build Time Elapsed:  00:00:04
</pre>
</body>
</html>
