Component: ARM Compiler 5.06 update 6 (build 750) Tool: armlink [4d35ed]

==============================================================================

Section Cross References

    startup_stm32f429_439xx.o(RESET) refers to startup_stm32f429_439xx.o(STACK) for __initial_sp
    startup_stm32f429_439xx.o(RESET) refers to startup_stm32f429_439xx.o(.text) for Reset_Handler
    startup_stm32f429_439xx.o(RESET) refers to stm32f4xx_it.o(i.NMI_Handler) for NMI_Handler
    startup_stm32f429_439xx.o(RESET) refers to stm32f4xx_it.o(i.HardFault_Handler) for HardFault_Handler
    startup_stm32f429_439xx.o(RESET) refers to stm32f4xx_it.o(i.MemManage_Handler) for MemManage_Handler
    startup_stm32f429_439xx.o(RESET) refers to stm32f4xx_it.o(i.BusFault_Handler) for BusFault_Handler
    startup_stm32f429_439xx.o(RESET) refers to stm32f4xx_it.o(i.UsageFault_Handler) for UsageFault_Handler
    startup_stm32f429_439xx.o(RESET) refers to stm32f4xx_it.o(i.SVC_Handler) for SVC_Handler
    startup_stm32f429_439xx.o(RESET) refers to stm32f4xx_it.o(i.DebugMon_Handler) for DebugMon_Handler
    startup_stm32f429_439xx.o(RESET) refers to stm32f4xx_it.o(i.PendSV_Handler) for PendSV_Handler
    startup_stm32f429_439xx.o(RESET) refers to stm32f4xx_it.o(i.SysTick_Handler) for SysTick_Handler
    startup_stm32f429_439xx.o(RESET) refers to stm32f4xx_it.o(i.EXTI1_IRQHandler) for EXTI1_IRQHandler
    startup_stm32f429_439xx.o(RESET) refers to stm32f4xx_it.o(i.TIM1_UP_TIM10_IRQHandler) for TIM1_UP_TIM10_IRQHandler
    startup_stm32f429_439xx.o(.text) refers to system_stm32f4xx.o(i.SystemInit) for SystemInit
    startup_stm32f429_439xx.o(.text) refers to entry.o(.ARM.Collect$$$$00000000) for __main
    system_stm32f4xx.o(i.SystemCoreClockUpdate) refers to system_stm32f4xx.o(.data) for .data
    system_stm32f4xx.o(i.SystemInit) refers to system_stm32f4xx.o(i.SetSysClock) for SetSysClock
    stm32f4xx_adc.o(i.ADC_DeInit) refers to stm32f4xx_rcc.o(i.RCC_APB2PeriphResetCmd) for RCC_APB2PeriphResetCmd
    stm32f4xx_can.o(i.CAN_DeInit) refers to stm32f4xx_rcc.o(i.RCC_APB1PeriphResetCmd) for RCC_APB1PeriphResetCmd
    stm32f4xx_can.o(i.CAN_GetITStatus) refers to stm32f4xx_can.o(i.CheckITStatus) for CheckITStatus
    stm32f4xx_cryp.o(i.CRYP_DeInit) refers to stm32f4xx_rcc.o(i.RCC_AHB2PeriphResetCmd) for RCC_AHB2PeriphResetCmd
    stm32f4xx_cryp_aes.o(i.CRYP_AES_CBC) refers to stm32f4xx_cryp.o(i.CRYP_KeyStructInit) for CRYP_KeyStructInit
    stm32f4xx_cryp_aes.o(i.CRYP_AES_CBC) refers to stm32f4xx_cryp.o(i.CRYP_KeyInit) for CRYP_KeyInit
    stm32f4xx_cryp_aes.o(i.CRYP_AES_CBC) refers to stm32f4xx_cryp.o(i.CRYP_Init) for CRYP_Init
    stm32f4xx_cryp_aes.o(i.CRYP_AES_CBC) refers to stm32f4xx_cryp.o(i.CRYP_IVInit) for CRYP_IVInit
    stm32f4xx_cryp_aes.o(i.CRYP_AES_CBC) refers to stm32f4xx_cryp.o(i.CRYP_FIFOFlush) for CRYP_FIFOFlush
    stm32f4xx_cryp_aes.o(i.CRYP_AES_CBC) refers to stm32f4xx_cryp.o(i.CRYP_Cmd) for CRYP_Cmd
    stm32f4xx_cryp_aes.o(i.CRYP_AES_CBC) refers to stm32f4xx_cryp.o(i.CRYP_GetCmdStatus) for CRYP_GetCmdStatus
    stm32f4xx_cryp_aes.o(i.CRYP_AES_CBC) refers to stm32f4xx_cryp.o(i.CRYP_GetFlagStatus) for CRYP_GetFlagStatus
    stm32f4xx_cryp_aes.o(i.CRYP_AES_CBC) refers to stm32f4xx_cryp.o(i.CRYP_DataIn) for CRYP_DataIn
    stm32f4xx_cryp_aes.o(i.CRYP_AES_CBC) refers to stm32f4xx_cryp.o(i.CRYP_DataOut) for CRYP_DataOut
    stm32f4xx_cryp_aes.o(i.CRYP_AES_CCM) refers to stm32f4xx_cryp.o(i.CRYP_KeyStructInit) for CRYP_KeyStructInit
    stm32f4xx_cryp_aes.o(i.CRYP_AES_CCM) refers to stm32f4xx_cryp.o(i.CRYP_FIFOFlush) for CRYP_FIFOFlush
    stm32f4xx_cryp_aes.o(i.CRYP_AES_CCM) refers to stm32f4xx_cryp.o(i.CRYP_KeyInit) for CRYP_KeyInit
    stm32f4xx_cryp_aes.o(i.CRYP_AES_CCM) refers to stm32f4xx_cryp.o(i.CRYP_IVInit) for CRYP_IVInit
    stm32f4xx_cryp_aes.o(i.CRYP_AES_CCM) refers to stm32f4xx_cryp.o(i.CRYP_Init) for CRYP_Init
    stm32f4xx_cryp_aes.o(i.CRYP_AES_CCM) refers to stm32f4xx_cryp.o(i.CRYP_PhaseConfig) for CRYP_PhaseConfig
    stm32f4xx_cryp_aes.o(i.CRYP_AES_CCM) refers to stm32f4xx_cryp.o(i.CRYP_DataIn) for CRYP_DataIn
    stm32f4xx_cryp_aes.o(i.CRYP_AES_CCM) refers to stm32f4xx_cryp.o(i.CRYP_Cmd) for CRYP_Cmd
    stm32f4xx_cryp_aes.o(i.CRYP_AES_CCM) refers to stm32f4xx_cryp.o(i.CRYP_GetCmdStatus) for CRYP_GetCmdStatus
    stm32f4xx_cryp_aes.o(i.CRYP_AES_CCM) refers to stm32f4xx_cryp.o(i.CRYP_GetFlagStatus) for CRYP_GetFlagStatus
    stm32f4xx_cryp_aes.o(i.CRYP_AES_CCM) refers to stm32f4xx_cryp.o(i.CRYP_DataOut) for CRYP_DataOut
    stm32f4xx_cryp_aes.o(i.CRYP_AES_CTR) refers to stm32f4xx_cryp.o(i.CRYP_KeyStructInit) for CRYP_KeyStructInit
    stm32f4xx_cryp_aes.o(i.CRYP_AES_CTR) refers to stm32f4xx_cryp.o(i.CRYP_KeyInit) for CRYP_KeyInit
    stm32f4xx_cryp_aes.o(i.CRYP_AES_CTR) refers to stm32f4xx_cryp.o(i.CRYP_Init) for CRYP_Init
    stm32f4xx_cryp_aes.o(i.CRYP_AES_CTR) refers to stm32f4xx_cryp.o(i.CRYP_IVInit) for CRYP_IVInit
[...]
    inv_filter_correction_angle              0x08000ca9   Thumb Code   374  fusion_9axis.o(.text)
    inv_perform_9x_fusion                    0x08000e1f   Thumb Code   894  fusion_9axis.o(.text)
    inv_process_9x_sensor_fusion_cb          0x0800119d   Thumb Code   120  fusion_9axis.o(.text)
    inv_init_9x_fusion                       0x08001215   Thumb Code    52  fusion_9axis.o(.text)
    inv_9x_fusion_set_mag_fb                 0x08001249   Thumb Code    10  fusion_9axis.o(.text)
    inv_9x_fusion_enable_jitter_reduction    0x08001253   Thumb Code    10  fusion_9axis.o(.text)
    inv_9x_fusion_use_timestamps             0x0800125d   Thumb Code    10  fusion_9axis.o(.text)
    inv_start_9x_sensor_fusion               0x08001267   Thumb Code    14  fusion_9axis.o(.text)
    inv_stop_9x_sensor_fusion                0x08001275   Thumb Code     8  fusion_9axis.o(.text)
    inv_enable_9x_sensor_fusion              0x0800127d   Thumb Code    30  fusion_9axis.o(.text)
    inv_disable_9x_sensor_fusion             0x0800129b   Thumb Code     8  fusion_9axis.o(.text)
    inv_init_gyro_ts                         0x0800162d   Thumb Code    46  gyro_tc.o(.text)
    inv_set_gtc_max_temp                     0x0800165b   Thumb Code    10  gyro_tc.o(.text)
    inv_set_gtc_min_temp                     0x08001665   Thumb Code    10  gyro_tc.o(.text)
    inv_set_gtc_min_diff                     0x0800166f   Thumb Code    10  gyro_tc.o(.text)
    inv_get_gyro_ts                          0x08001679   Thumb Code    44  gyro_tc.o(.text)
    inv_set_gyro_ts                          0x080016a5   Thumb Code     4  gyro_tc.o(.text)
    inv_set_gtc_order                        0x080016a9   Thumb Code    16  gyro_tc.o(.text)
    inv_print_gtc_data                       0x080016b9   Thumb Code    62  gyro_tc.o(.text)
    inv_start_gyro_tc                        0x080016f7   Thumb Code    10  gyro_tc.o(.text)
    inv_stop_gyro_tc                         0x08001701   Thumb Code     6  gyro_tc.o(.text)
    inv_enable_gyro_tc                       0x08001707   Thumb Code    48  gyro_tc.o(.text)
    inv_disable_gyro_tc                      0x08001737   Thumb Code    40  gyro_tc.o(.text)
    inv_generate_gyro_quaternion             0x08001b29   Thumb Code   348  quaternion_supervisor.o(.text)
    inv_set_quaternion                       0x08001e3b   Thumb Code    36  quaternion_supervisor.o(.text)
    inv_generate_accel_gyro_quaternion       0x08001e5f   Thumb Code   468  quaternion_supervisor.o(.text)
    inv_stop_quaternion                      0x08002077   Thumb Code     6  quaternion_supervisor.o(.text)
    inv_init_quaternion                      0x0800207d   Thumb Code    34  quaternion_supervisor.o(.text)
    inv_start_quaternion                     0x0800209f   Thumb Code    34  quaternion_supervisor.o(.text)
    inv_enable_quaternion                    0x080020c1   Thumb Code    24  quaternion_supervisor.o(.text)
    inv_disable_quaternion                   0x080020d9   Thumb Code    20  quaternion_supervisor.o(.text)
    inv_set_magnetic_disturbance             0x08002105   Thumb Code    16  mag_disturb.o(.text)
    inv_init_magnetic_disturbance            0x08002115   Thumb Code    68  mag_disturb.o(.text)
    MagDisturbSetDisturbance                 0x08002159   Thumb Code   108  mag_disturb.o(.text)
    MagDisturbCheckSettling                  0x080021c5   Thumb Code    68  mag_disturb.o(.text)
    ComputeAngleVelocity                     0x08002209   Thumb Code    94  mag_disturb.o(.text)
    inv_disable_dip_tracking                 0x08002267   Thumb Code    10  mag_disturb.o(.text)
    Mag3ofNormalizedLong                     0x08002271   Thumb Code    60  mag_disturb.o(.text)
    inv_track_dip_angle                      0x080022ad   Thumb Code   126  mag_disturb.o(.text)
    inv_check_magnetic_disturbance           0x0800232b   Thumb Code   758  mag_disturb.o(.text)
    inv_magnetic_disturbance_process         0x08002621   Thumb Code    50  mag_disturb.o(.text)
    inv_start_magnetic_disturbance           0x08002653   Thumb Code    14  mag_disturb.o(.text)
    inv_stop_magnetic_disturbance            0x08002661   Thumb Code     8  mag_disturb.o(.text)
    inv_enable_magnetic_disturbance          0x08002669   Thumb Code    40  mag_disturb.o(.text)
    inv_disable_magnetic_disturbance         0x08002691   Thumb Code    22  mag_disturb.o(.text)
    inv_enable_dip_tracking                  0x080026a7   Thumb Code    14  mag_disturb.o(.text)
    inv_get_magnetic_disturbance_state       0x080026b5   Thumb Code     8  mag_disturb.o(.text)
    __aeabi_ldivmod                          0x080026c5   Thumb Code    98  ldiv.o(.text)
    __aeabi_llsl                             0x08002727   Thumb Code    30  llshl.o(.text)
    _ll_shift_l                              0x08002727   Thumb Code     0  llshl.o(.text)
    __aeabi_lasr                             0x08002745   Thumb Code    36  llsshr.o(.text)
    _ll_sshift_r                             0x08002745   Thumb Code     0  llsshr.o(.text)
    ___aeabi_memcpy4$move                    0x08002769   Thumb Code     0  memmovea.o(.text)
    ___aeabi_memcpy8$move                    0x08002769   Thumb Code     0  memmovea.o(.text)
    __aeabi_memcpy                           0x08002769   Thumb Code    64  memmovea.o(.text)
    __aeabi_memmove                          0x08002769   Thumb Code     0  memmovea.o(.text)
    __aeabi_memmove4                         0x08002769   Thumb Code     0  memmovea.o(.text)
    __aeabi_memmove8                         0x08002769   Thumb Code     0  memmovea.o(.text)
    __aeabi_memset                           0x080027a9   Thumb Code    14  memseta.o(.text)
    __aeabi_memset4                          0x080027a9   Thumb Code     0  memseta.o(.text)
    __aeabi_memset8                          0x080027a9   Thumb Code     0  memseta.o(.text)
    __aeabi_memclr                           0x080027b7   Thumb Code     4  memseta.o(.text)
    __aeabi_memclr4                          0x080027b7   Thumb Code     0  memseta.o(.text)
    __aeabi_memclr8                          0x080027b7   Thumb Code     0  memseta.o(.text)
    _memset$wrapper                          0x080027bb   Thumb Code    18  memseta.o(.text)
    memcmp                                   0x080027cd   Thumb Code    26  memcmp.o(.text)
    __aeabi_dadd                             0x080027e7   Thumb Code   322  dadd.o(.text)
    __aeabi_dsub                             0x08002929   Thumb Code     6  dadd.o(.text)
    __aeabi_drsub                            0x0800292f   Thumb Code     6  dadd.o(.text)
    __aeabi_dmul                             0x08002935   Thumb Code   228  dmul.o(.text)
    __aeabi_ddiv                             0x08002a19   Thumb Code   222  ddiv.o(.text)
    __aeabi_l2f                              0x08002af7   Thumb Code    44  ffltl.o(.text)
    __aeabi_i2d                              0x08002b23   Thumb Code    34  dflti.o(.text)
    __aeabi_f2lz                             0x08002b45   Thumb Code    66  ffixl.o(.text)
    __aeabi_d2iz                             0x08002b87   Thumb Code    62  dfixi.o(.text)
    __aeabi_f2d                              0x08002bc5   Thumb Code    38  f2d.o(.text)
    __aeabi_cdrcmple                         0x08002bed   Thumb Code    48  cdrcmple.o(.text)
    __aeabi_d2f                              0x08002c1d   Thumb Code    56  d2f.o(.text)
    __aeabi_uidiv                            0x08002c55   Thumb Code     0  uidiv.o(.text)
    __aeabi_uidivmod                         0x08002c55   Thumb Code    44  uidiv.o(.text)
    __aeabi_uldivmod                         0x08002c81   Thumb Code    98  uldiv.o(.text)
    __aeabi_llsr                             0x08002ce3   Thumb Code    32  llushr.o(.text)
    _ll_ushift_r                             0x08002ce3   Thumb Code     0  llushr.o(.text)
    __I$use$fp                               0x08002d03   Thumb Code     0  iusefp.o(.text)
    _float_round                             0x08002d03   Thumb Code    18  fepilogue.o(.text)
    _float_epilogue                          0x08002d15   Thumb Code    92  fepilogue.o(.text)
    _double_round                            0x08002d71   Thumb Code    30  depilogue.o(.text)
    _double_epilogue                         0x08002d8f   Thumb Code   156  depilogue.o(.text)
    __aeabi_d2ulz                            0x08002e2b   Thumb Code    48  dfixul.o(.text)
    __scatterload                            0x08002e5d   Thumb Code    28  init.o(.text)
    __scatterload_rt2                        0x08002e5d   Thumb Code     0  init.o(.text)
    ADC_Cmd                                  0x08002e81   Thumb Code    24  stm32f4xx_adc.o(i.ADC_Cmd)
    ADC_CommonInit                           0x08002e99   Thumb Code    30  stm32f4xx_adc.o(i.ADC_CommonInit)
    ADC_DMACmd                               0x08002ec1   Thumb Code    24  stm32f4xx_adc.o(i.ADC_DMACmd)
    ADC_DMARequestAfterLastTransferCmd       0x08002ed9   Thumb Code    24  stm32f4xx_adc.o(i.ADC_DMARequestAfterLastTransferCmd)
    ADC_Init                                 0x08002ef1   Thumb Code    66  stm32f4xx_adc.o(i.ADC_Init)
    ADC_RegularChannelConfig                 0x08002f3d   Thumb Code   116  stm32f4xx_adc.o(i.ADC_RegularChannelConfig)
    ADC_SoftwareStartConv                    0x08002fb1   Thumb Code    10  stm32f4xx_adc.o(i.ADC_SoftwareStartConv)
    ADC_StructInit                           0x08002fbb   Thumb Code    20  stm32f4xx_adc.o(i.ADC_StructInit)
    BusFault_Handler                         0x08002fcf   Thumb Code     2  stm32f4xx_it.o(i.BusFault_Handler)
    DMA2D_DeInit                             0x08002fd1   Thumb Code    24  stm32f4xx_dma2d.o(i.DMA2D_DeInit)
    DMA2D_GetFlagStatus                      0x08002fe9   Thumb Code    16  stm32f4xx_dma2d.o(i.DMA2D_GetFlagStatus)
    DMA2D_Init                               0x08002ffd   Thumb Code   174  stm32f4xx_dma2d.o(i.DMA2D_Init)
    DMA2D_StartTransfer                      0x080030b5   Thumb Code    12  stm32f4xx_dma2d.o(i.DMA2D_StartTransfer)
    DMA_Cmd                                  0x080030c5   Thumb Code    24  stm32f4xx_dma.o(i.DMA_Cmd)
    DMA_Init                                 0x080030dd   Thumb Code    80  stm32f4xx_dma.o(i.DMA_Init)
    Data_mpu6050                             0x08003131   Thumb Code   424  analysis.o(i.Data_mpu6050)
    Data_pressure                            0x080032e5   Thumb Code    90  analysis.o(i.Data_pressure)
    DebugMon_Handler                         0x08003359   Thumb Code     2  stm32f4xx_it.o(i.DebugMon_Handler)
    Debug_USART_Config                       0x0800335d   Thumb Code   142  bsp_debug_usart.o(i.Debug_USART_Config)
    Delay_ms                                 0x080033f5   Thumb Code    16  bsp_systick.o(i.Delay_ms)
    EXTI1_IRQHandler                         0x08003409   Thumb Code    28  stm32f4xx_it.o(i.EXTI1_IRQHandler)
    EXTI_ClearITPendingBit                   0x08003425   Thumb Code     6  stm32f4xx_exti.o(i.EXTI_ClearITPendingBit)
    EXTI_GetITStatus                         0x08003431   Thumb Code    16  stm32f4xx_exti.o(i.EXTI_GetITStatus)
    EXTI_Init                                0x08003445   Thumb Code   110  stm32f4xx_exti.o(i.EXTI_Init)
    EXTI_MPU_Config                          0x080034b9   Thumb Code    78  bsp_mpu_exti.o(i.EXTI_MPU_Config)
    FMC_GetFlagStatus                        0x0800350d   Thumb Code    54  stm32f4xx_fmc.o(i.FMC_GetFlagStatus)
    FMC_SDRAMCmdConfig                       0x08003545   Thumb Code    26  stm32f4xx_fmc.o(i.FMC_SDRAMCmdConfig)
    FMC_SDRAMInit                            0x08003565   Thumb Code   262  stm32f4xx_fmc.o(i.FMC_SDRAMInit)
    FMC_SetRefreshCount                      0x0800366d   Thumb Code    12  stm32f4xx_fmc.o(i.FMC_SetRefreshCount)
    GPIO_Init                                0x0800367d   Thumb Code   124  stm32f4xx_gpio.o(i.GPIO_Init)
    GPIO_PinAFConfig                         0x080036f9   Thumb Code    32  stm32f4xx_gpio.o(i.GPIO_PinAFConfig)
    GPIO_ResetBits                           0x08003719   Thumb Code     4  stm32f4xx_gpio.o(i.GPIO_ResetBits)
    GPIO_SetBits                             0x0800371d   Thumb Code     4  stm32f4xx_gpio.o(i.GPIO_SetBits)
    Get_I2C_Retry                            0x08003721   Thumb Code     6  i2c.o(i.Get_I2C_Retry)
    HardFault_Handler                        0x0800372d   Thumb Code     2  stm32f4xx_it.o(i.HardFault_Handler)
    I2C_AcknowledgeConfig                    0x0800372f   Thumb Code    24  stm32f4xx_i2c.o(i.I2C_AcknowledgeConfig)
    I2C_ClearFlag                            0x08003747   Thumb Code     6  stm32f4xx_i2c.o(i.I2C_ClearFlag)
    I2C_Cmd                                  0x0800374d   Thumb Code    24  stm32f4xx_i2c.o(i.I2C_Cmd)
    I2C_DeInit                               0x08003765   Thumb Code    88  stm32f4xx_i2c.o(i.I2C_DeInit)
    I2C_GenerateSTART                        0x080037c9   Thumb Code    24  stm32f4xx_i2c.o(i.I2C_GenerateSTART)
    I2C_GenerateSTOP                         0x080037e1   Thumb Code    24  stm32f4xx_i2c.o(i.I2C_GenerateSTOP)
    I2C_GetFlagStatus                        0x080037f9   Thumb Code    50  stm32f4xx_i2c.o(i.I2C_GetFlagStatus)
    I2C_Init                                 0x0800382d   Thumb Code   178  stm32f4xx_i2c.o(i.I2C_Init)
    I2C_ReadRegister                         0x080038e9   Thumb Code    16  stm32f4xx_i2c.o(i.I2C_ReadRegister)
    I2C_ReceiveData                          0x080038f9   Thumb Code     6  stm32f4xx_i2c.o(i.I2C_ReceiveData)
    I2C_Send7bitAddress                      0x080038ff   Thumb Code    18  stm32f4xx_i2c.o(i.I2C_Send7bitAddress)
    I2C_SendData                             0x08003911   Thumb Code     4  stm32f4xx_i2c.o(i.I2C_SendData)
    I2C_SoftwareResetCmd                     0x08003915   Thumb Code    24  stm32f4xx_i2c.o(i.I2C_SoftwareResetCmd)
    I2cMaster_Init                           0x080039c9   Thumb Code   150  i2c.o(i.I2cMaster_Init)
    LCD_Clear                                0x08003a6d   Thumb Code    84  bsp_lcd.o(i.LCD_Clear)
    LCD_DisplayChar                          0x08003ac5   Thumb Code    26  bsp_lcd.o(i.LCD_DisplayChar)
    LCD_DisplayStringLine                    0x08003ae5   Thumb Code    62  bsp_lcd.o(i.LCD_DisplayStringLine)
    LCD_DrawChar                             0x08003b29   Thumb Code   150  bsp_lcd.o(i.LCD_DrawChar)
    LCD_GetFont                              0x08003ec1   Thumb Code     6  bsp_lcd.o(i.LCD_GetFont)
    LCD_Init                                 0x08003ecd   Thumb Code   132  bsp_lcd.o(i.LCD_Init)
    LCD_LayerInit                            0x08003f51   Thumb Code   144  bsp_lcd.o(i.LCD_LayerInit)
    LCD_SetColors                            0x08003fed   Thumb Code     8  bsp_lcd.o(i.LCD_SetColors)
    LCD_SetFont                              0x08003ff9   Thumb Code     6  bsp_lcd.o(i.LCD_SetFont)
    LCD_SetLayer                             0x08004005   Thumb Code    28  bsp_lcd.o(i.LCD_SetLayer)
    LCD_SetTransparency                      0x08004029   Thumb Code    40  bsp_lcd.o(i.LCD_SetTransparency)
    LED_GPIO_Config                          0x08004059   Thumb Code   106  bsp_led.o(i.LED_GPIO_Config)
    LTDC_Cmd                                 0x080040cd   Thumb Code    26  stm32f4xx_ltdc.o(i.LTDC_Cmd)
    LTDC_Init                                0x080040ed   Thumb Code   156  stm32f4xx_ltdc.o(i.LTDC_Init)
    LTDC_LayerAlpha                          0x08004195   Thumb Code     4  stm32f4xx_ltdc.o(i.LTDC_LayerAlpha)
    LTDC_LayerCmd                            0x08004199   Thumb Code    24  stm32f4xx_ltdc.o(i.LTDC_LayerCmd)
    LTDC_LayerInit                           0x080041b1   Thumb Code   150  stm32f4xx_ltdc.o(i.LTDC_LayerInit)
    LTDC_ReloadConfig                        0x08004249   Thumb Code     6  stm32f4xx_ltdc.o(i.LTDC_ReloadConfig)
    MemManage_Handler                        0x08004255   Thumb Code     2  stm32f4xx_it.o(i.MemManage_Handler)
    NMI_Handler                              0x08004257   Thumb Code     2  stm32f4xx_it.o(i.NMI_Handler)
    NVIC_Init                                0x08004281   Thumb Code    98  misc.o(i.NVIC_Init)
    NVIC_PriorityGroupConfig                 0x080042e9   Thumb Code    10  misc.o(i.NVIC_PriorityGroupConfig)
    PendSV_Handler                           0x080042fd   Thumb Code     2  stm32f4xx_it.o(i.PendSV_Handler)
    RCC_AHB1PeriphClockCmd                   0x08004301   Thumb Code    22  stm32f4xx_rcc.o(i.RCC_AHB1PeriphClockCmd)
    RCC_AHB1PeriphResetCmd                   0x0800431d   Thumb Code    22  stm32f4xx_rcc.o(i.RCC_AHB1PeriphResetCmd)
    RCC_AHB3PeriphClockCmd                   0x08004339   Thumb Code    22  stm32f4xx_rcc.o(i.RCC_AHB3PeriphClockCmd)
    RCC_APB1PeriphClockCmd                   0x08004355   Thumb Code    22  stm32f4xx_rcc.o(i.RCC_APB1PeriphClockCmd)
    RCC_APB1PeriphResetCmd                   0x08004371   Thumb Code    22  stm32f4xx_rcc.o(i.RCC_APB1PeriphResetCmd)
    RCC_APB2PeriphClockCmd                   0x0800438d   Thumb Code    22  stm32f4xx_rcc.o(i.RCC_APB2PeriphClockCmd)
    RCC_GetClocksFreq                        0x080043a9   Thumb Code   148  stm32f4xx_rcc.o(i.RCC_GetClocksFreq)
    RCC_GetFlagStatus                        0x0800444d   Thumb Code    50  stm32f4xx_rcc.o(i.RCC_GetFlagStatus)
    RCC_LTDCCLKDivConfig                     0x08004485   Thumb Code    14  stm32f4xx_rcc.o(i.RCC_LTDCCLKDivConfig)
    RCC_PLLSAICmd                            0x08004499   Thumb Code     6  stm32f4xx_rcc.o(i.RCC_PLLSAICmd)
    RCC_PLLSAIConfig                         0x080044a5   Thumb Code    16  stm32f4xx_rcc.o(i.RCC_PLLSAIConfig)
    RELAY_GPIO_Config                        0x080044b9   Thumb Code   120  bsp_relay.o(i.RELAY_GPIO_Config)
    Rheostat_Init                            0x08004629   Thumb Code    14  bsp_adc.o(i.Rheostat_Init)
    SDRAM_Init                               0x080049d1   Thumb Code    92  bsp_sdram.o(i.SDRAM_Init)
    SVC_Handler                              0x08005049   Thumb Code     2  stm32f4xx_it.o(i.SVC_Handler)
    SYSCFG_EXTILineConfig                    0x0800504d   Thumb Code    38  stm32f4xx_syscfg.o(i.SYSCFG_EXTILineConfig)
    Sensors_I2C_ReadRegister                 0x08005079   Thumb Code    62  i2c.o(i.Sensors_I2C_ReadRegister)
    Sensors_I2C_WriteRegister                0x080050b7   Thumb Code    62  i2c.o(i.Sensors_I2C_WriteRegister)
    SysTick_Handler                          0x080051c9   Thumb Code    14  stm32f4xx_it.o(i.SysTick_Handler)
    SysTick_Init                             0x080051d9   Thumb Code    54  bsp_systick.o(i.SysTick_Init)
    SystemInit                               0x08005219   Thumb Code    74  system_stm32f4xx.o(i.SystemInit)
    TIM1_UP_TIM10_IRQHandler                 0x08005275   Thumb Code   108  stm32f4xx_it.o(i.TIM1_UP_TIM10_IRQHandler)
    TIM_ClearFlag                            0x08005305   Thumb Code     6  stm32f4xx_tim.o(i.TIM_ClearFlag)
    TIM_ClearITPendingBit                    0x0800530b   Thumb Code     6  stm32f4xx_tim.o(i.TIM_ClearITPendingBit)
    TIM_Cmd                                  0x08005311   Thumb Code    24  stm32f4xx_tim.o(i.TIM_Cmd)
    TIM_GetITStatus                          0x08005329   Thumb Code    24  stm32f4xx_tim.o(i.TIM_GetITStatus)
    TIM_ITConfig                             0x08005341   Thumb Code    20  stm32f4xx_tim.o(i.TIM_ITConfig)
    TIM_TimeBaseInit                         0x080053a5   Thumb Code    96  stm32f4xx_tim.o(i.TIM_TimeBaseInit)
    TIMx_Configuration                       0x08005421   Thumb Code    14  bsp_advance_tim.o(i.TIMx_Configuration)
    TimeStamp_Increment                      0x08005459   Thumb Code    10  bsp_systick.o(i.TimeStamp_Increment)
    TimingDelay_Decrement                    0x08005469   Thumb Code    16  bsp_systick.o(i.TimingDelay_Decrement)
    USART_ClearFlag                          0x0800547d   Thumb Code     8  stm32f4xx_usart.o(i.USART_ClearFlag)
    USART_Cmd                                0x08005485   Thumb Code    24  stm32f4xx_usart.o(i.USART_Cmd)
    USART_GetFlagStatus                      0x0800549d   Thumb Code    14  stm32f4xx_usart.o(i.USART_GetFlagStatus)
    USART_Init                               0x080054ad   Thumb Code   180  stm32f4xx_usart.o(i.USART_Init)
    USART_ReceiveData                        0x08005569   Thumb Code     8  stm32f4xx_usart.o(i.USART_ReceiveData)
    USART_SendData                           0x08005571   Thumb Code     8  stm32f4xx_usart.o(i.USART_SendData)
    UsageFault_Handler                       0x08005579   Thumb Code     2  stm32f4xx_it.o(i.UsageFault_Handler)
    _MLPrintLog                              0x0800557b   Thumb Code   154  log_stm32.o(i._MLPrintLog)
    __0printf                                0x08005615   Thumb Code    22  printfa.o(i.__0printf)
    __1printf                                0x08005615   Thumb Code     0  printfa.o(i.__0printf)
    __2printf                                0x08005615   Thumb Code     0  printfa.o(i.__0printf)
    __c89printf                              0x08005615   Thumb Code     0  printfa.o(i.__0printf)
    printf                                   0x08005615   Thumb Code     0  printfa.o(i.__0printf)
    __0sprintf                               0x08005635   Thumb Code    34  printfa.o(i.__0sprintf)
    __1sprintf                               0x08005635   Thumb Code     0  printfa.o(i.__0sprintf)
    __2sprintf                               0x08005635   Thumb Code     0  printfa.o(i.__0sprintf)
    __c89sprintf                             0x08005635   Thumb Code     0  printfa.o(i.__0sprintf)
    sprintf                                  0x08005635   Thumb Code     0  printfa.o(i.__0sprintf)
    __0vsprintf                              0x0800565d   Thumb Code    30  printfa.o(i.__0vsprintf)
    __1vsprintf                              0x0800565d   Thumb Code     0  printfa.o(i.__0vsprintf)
    __2vsprintf                              0x0800565d   Thumb Code     0  printfa.o(i.__0vsprintf)
    __c89vsprintf                            0x0800565d   Thumb Code     0  printfa.o(i.__0vsprintf)
    vsprintf                                 0x0800565d   Thumb Code     0  printfa.o(i.__0vsprintf)
    __ARM_fpclassifyf                        0x08005681   Thumb Code    38  fpclassifyf.o(i.__ARM_fpclassifyf)
    __hardfp_acosf                           0x080056a9   Thumb Code   234  acosf.o(i.__hardfp_acosf)
    __hardfp_atan2f                          0x080057c1   Thumb Code   502  atan2f.o(i.__hardfp_atan2f)
    __hardfp_cosf                            0x08005a11   Thumb Code   280  cosf.o(i.__hardfp_cosf)
    __hardfp_sinf                            0x08005b61   Thumb Code   344  sinf.o(i.__hardfp_sinf)
    __hardfp_sqrtf                           0x08005cf1   Thumb Code    58  sqrtf.o(i.__hardfp_sqrtf)
    __mathlib_flt_infnan                     0x08005d2b   Thumb Code     6  funder.o(i.__mathlib_flt_infnan)
    __mathlib_flt_infnan2                    0x08005d31   Thumb Code     6  funder.o(i.__mathlib_flt_infnan2)
    __mathlib_flt_invalid                    0x08005d39   Thumb Code    10  funder.o(i.__mathlib_flt_invalid)
    __mathlib_flt_underflow                  0x08005d49   Thumb Code    10  funder.o(i.__mathlib_flt_underflow)
    __mathlib_rredf2                         0x08005d59   Thumb Code   316  rredf.o(i.__mathlib_rredf2)
    __scatterload_copy                       0x08005edd   Thumb Code    14  handlers.o(i.__scatterload_copy)
    __scatterload_null                       0x08005eeb   Thumb Code     2  handlers.o(i.__scatterload_null)
    __scatterload_zeroinit                   0x08005eed   Thumb Code    14  handlers.o(i.__scatterload_zeroinit)
    __set_errno                              0x08005efd   Thumb Code     6  errno.o(i.__set_errno)
    dmp_enable_6x_lp_quat                    0x08006871   Thumb Code    60  inv_mpu_dmp_motion_driver.o(i.dmp_enable_6x_lp_quat)
    dmp_enable_feature                       0x080068ad   Thumb Code   484  inv_mpu_dmp_motion_driver.o(i.dmp_enable_feature)
    dmp_enable_gyro_cal                      0x08006a99   Thumb Code    62  inv_mpu_dmp_motion_driver.o(i.dmp_enable_gyro_cal)
    dmp_enable_lp_quat                       0x08006af1   Thumb Code    60  inv_mpu_dmp_motion_driver.o(i.dmp_enable_lp_quat)
    dmp_get_pedometer_step_count             0x08006b2d   Thumb Code    68  inv_mpu_dmp_motion_driver.o(i.dmp_get_pedometer_step_count)
    dmp_get_pedometer_walk_time              0x08006b71   Thumb Code    74  inv_mpu_dmp_motion_driver.o(i.dmp_get_pedometer_walk_time)
    dmp_load_motion_driver_firmware          0x08006bbd   Thumb Code    16  inv_mpu_dmp_motion_driver.o(i.dmp_load_motion_driver_firmware)
    dmp_read_fifo                            0x08006bd1   Thumb Code   384  inv_mpu_dmp_motion_driver.o(i.dmp_read_fifo)
    dmp_register_android_orient_cb           0x08006d55   Thumb Code     8  inv_mpu_dmp_motion_driver.o(i.dmp_register_android_orient_cb)
    dmp_register_tap_cb                      0x08006d61   Thumb Code     8  inv_mpu_dmp_motion_driver.o(i.dmp_register_tap_cb)
    dmp_set_fifo_rate                        0x08006d6d   Thumb Code    96  inv_mpu_dmp_motion_driver.o(i.dmp_set_fifo_rate)
    dmp_set_orientation                      0x08006ddd   Thumb Code   260  inv_mpu_dmp_motion_driver.o(i.dmp_set_orientation)
    dmp_set_shake_reject_thresh              0x08006ef5   Thumb Code    48  inv_mpu_dmp_motion_driver.o(i.dmp_set_shake_reject_thresh)
    dmp_set_shake_reject_time                0x08006f25   Thumb Code    32  inv_mpu_dmp_motion_driver.o(i.dmp_set_shake_reject_time)
    dmp_set_shake_reject_timeout             0x08006f45   Thumb Code    32  inv_mpu_dmp_motion_driver.o(i.dmp_set_shake_reject_timeout)
    dmp_set_tap_axes                         0x08006f65   Thumb Code    56  inv_mpu_dmp_motion_driver.o(i.dmp_set_tap_axes)
    dmp_set_tap_count                        0x08006f9d   Thumb Code    34  inv_mpu_dmp_motion_driver.o(i.dmp_set_tap_count)
    dmp_set_tap_thresh                       0x08006fc1   Thumb Code   376  inv_mpu_dmp_motion_driver.o(i.dmp_set_tap_thresh)
    dmp_set_tap_time                         0x0800715d   Thumb Code    32  inv_mpu_dmp_motion_driver.o(i.dmp_set_tap_time)
    dmp_set_tap_time_multi                   0x0800717d   Thumb Code    32  inv_mpu_dmp_motion_driver.o(i.dmp_set_tap_time_multi)
    eMPL_send_data                           0x0800719d   Thumb Code   386  log_stm32.o(i.eMPL_send_data)
    fputc                                    0x08007321   Thumb Code    30  bsp_debug_usart.o(i.fputc)
    fputcc                                   0x08007345   Thumb Code     2  log_stm32.o(i.fputcc)
    get_tick_count                           0x08007349   Thumb Code    10  bsp_systick.o(i.get_tick_count)
    gyro_data_ready_cb                       0x08007359   Thumb Code     8  analysis.o(i.gyro_data_ready_cb)
    handle_input                             0x08007365   Thumb Code    18  analysis.o(i.handle_input)
    inv_accel_was_turned_off                 0x08007381   Thumb Code     8  data_builder.o(i.inv_accel_was_turned_off)
    inv_apply_calibration                    0x0800738d   Thumb Code   106  data_builder.o(i.inv_apply_calibration)
    inv_build_accel                          0x080073f9   Thumb Code    96  data_builder.o(i.inv_build_accel)
    inv_build_gyro                           0x08007461   Thumb Code    42  data_builder.o(i.inv_build_gyro)
    inv_build_quat                           0x08007491   Thumb Code    42  data_builder.o(i.inv_build_quat)
    inv_build_temp                           0x080074c1   Thumb Code    22  data_builder.o(i.inv_build_temp)
    inv_compass_angle                        0x080074dd   Thumb Code   162  ml_math_func.o(i.inv_compass_angle)
    inv_compass_was_turned_off               0x08007589   Thumb Code    10  data_builder.o(i.inv_compass_was_turned_off)
    inv_convert_to_body_with_scale           0x08007599   Thumb Code    92  ml_math_func.o(i.inv_convert_to_body_with_scale)
    inv_disable_compass_soft_iron_matrix     0x0800763d   Thumb Code    10  data_builder.o(i.inv_disable_compass_soft_iron_matrix)
    inv_enable_eMPL_outputs                  0x0800764d   Thumb Code    22  empl_outputs.o(i.inv_enable_eMPL_outputs)
    inv_enable_results_holder                0x08007669   Thumb Code    22  results_holder.o(i.inv_enable_results_holder)
    inv_execute_mpl_start_notification       0x08007685   Thumb Code    36  start_manager.o(i.inv_execute_mpl_start_notification)
    inv_execute_on_data                      0x080076ad   Thumb Code   118  data_builder.o(i.inv_execute_on_data)
    inv_generate_results                     0x080077d9   Thumb Code    10  results_holder.o(i.inv_generate_results)
    inv_get_6axis_quaternion                 0x080077e9   Thumb Code    22  results_holder.o(i.inv_get_6axis_quaternion)
    inv_get_acc_state                        0x08007805   Thumb Code     6  results_holder.o(i.inv_get_acc_state)
    inv_get_accel_accuracy                   0x08007811   Thumb Code     6  data_builder.o(i.inv_get_accel_accuracy)
    inv_get_accel_on                         0x0800781d   Thumb Code    12  data_builder.o(i.inv_get_accel_on)
    inv_get_accel_set                        0x0800782d   Thumb Code    42  data_builder.o(i.inv_get_accel_set)
    inv_get_compass_correction               0x0800785d   Thumb Code    18  results_holder.o(i.inv_get_compass_correction)
    inv_get_compass_on                       0x08007875   Thumb Code    12  data_builder.o(i.inv_get_compass_on)
    inv_get_gravity                          0x08007885   Thumb Code    80  results_holder.o(i.inv_get_gravity)
    inv_get_gyro                             0x080078d9   Thumb Code    16  data_builder.o(i.inv_get_gyro)
    inv_get_gyro_accuracy                    0x080078ed   Thumb Code     6  data_builder.o(i.inv_get_gyro_accuracy)
    inv_get_gyro_bias                        0x080078f9   Thumb Code    34  data_builder.o(i.inv_get_gyro_bias)
    inv_get_gyro_bias_tc_set                 0x08007925   Thumb Code    24  data_builder.o(i.inv_get_gyro_bias_tc_set)
    inv_get_gyro_on                          0x08007941   Thumb Code    10  data_builder.o(i.inv_get_gyro_on)
    inv_get_gyro_set                         0x08007951   Thumb Code    40  data_builder.o(i.inv_get_gyro_set)
    inv_get_gyro_sum_of_sqr                  0x0800797d   Thumb Code    24  ml_math_func.o(i.inv_get_gyro_sum_of_sqr)
    inv_get_last_timestamp                   0x08007995   Thumb Code    66  data_builder.o(i.inv_get_last_timestamp)
    inv_get_linear_accel                     0x080079dd   Thumb Code    62  results_holder.o(i.inv_get_linear_accel)
    inv_get_local_field                      0x08007a1d   Thumb Code    16  results_holder.o(i.inv_get_local_field)
    inv_get_mag_accuracy                     0x08007a31   Thumb Code    22  data_builder.o(i.inv_get_mag_accuracy)
    inv_get_message_level_0                  0x08007a51   Thumb Code    16  message_layer.o(i.inv_get_message_level_0)
    inv_get_motion_state                     0x08007a65   Thumb Code    12  results_holder.o(i.inv_get_motion_state)
    inv_get_quaternion                       0x08007a75   Thumb Code    44  results_holder.o(i.inv_get_quaternion)
    inv_get_quaternion_set                   0x08007aa5   Thumb Code    64  results_holder.o(i.inv_get_quaternion_set)
    inv_get_sensor_type_accel                0x08007ae5   Thumb Code    22  empl_outputs.o(i.inv_get_sensor_type_accel)
    inv_get_sensor_type_euler                0x08007b01   Thumb Code   438  empl_outputs.o(i.inv_get_sensor_type_euler)
    inv_get_sensor_type_gravity              0x08007cdd   Thumb Code    88  hal_outputs.o(i.inv_get_sensor_type_gravity)
    inv_get_sensor_type_gyro                 0x08007d3d   Thumb Code    22  empl_outputs.o(i.inv_get_sensor_type_gyro)
    inv_get_sensor_type_heading              0x08007d59   Thumb Code   146  empl_outputs.o(i.inv_get_sensor_type_heading)
    inv_get_sensor_type_linear_acceleration  0x08007e01   Thumb Code   106  hal_outputs.o(i.inv_get_sensor_type_linear_acceleration)
    inv_get_sensor_type_rot_mat              0x08007e71   Thumb Code    28  empl_outputs.o(i.inv_get_sensor_type_rot_mat)
    inv_got_compass_bias                     0x08007e91   Thumb Code     6  results_holder.o(i.inv_got_compass_bias)
    inv_gyro_was_turned_off                  0x08007e9d   Thumb Code     8  data_builder.o(i.inv_gyro_was_turned_off)
    inv_init_data_builder                    0x08007ea9   Thumb Code    44  data_builder.o(i.inv_init_data_builder)
    inv_init_mpl                             0x08007ef9   Thumb Code    94  mpl.o(i.inv_init_mpl)
    inv_init_results_holder                  0x08007f7d   Thumb Code    40  results_holder.o(i.inv_init_results_holder)
    inv_init_start_manager                   0x08007fad   Thumb Code    14  start_manager.o(i.inv_init_start_manager)
    inv_init_storage_manager                 0x08007fc1   Thumb Code    20  storage_manager.o(i.inv_init_storage_manager)
    inv_orientation_matrix_to_scalar         0x08007fd9   Thumb Code    36  ml_math_func.o(i.inv_orientation_matrix_to_scalar)
    inv_q29_mult                             0x08007ffd   Thumb Code    12  ml_math_func.o(i.inv_q29_mult)
    inv_q30_mult                             0x08008009   Thumb Code    12  ml_math_func.o(i.inv_q30_mult)
    inv_q_add                                0x08008015   Thumb Code    36  ml_math_func.o(i.inv_q_add)
    inv_q_addf                               0x08008039   Thumb Code    66  ml_math_func.o(i.inv_q_addf)
    inv_q_invert                             0x0800807b   Thumb Code    24  ml_math_func.o(i.inv_q_invert)
    inv_q_invertf                            0x08008093   Thumb Code    46  ml_math_func.o(i.inv_q_invertf)
    inv_q_mult                               0x080080c1   Thumb Code   176  ml_math_func.o(i.inv_q_mult)
    inv_q_multf                              0x08008171   Thumb Code   210  ml_math_func.o(i.inv_q_multf)
    inv_q_norm4                              0x08008245   Thumb Code   126  ml_math_func.o(i.inv_q_norm4)
    inv_q_normalizef                         0x080082c9   Thumb Code   174  ml_math_func.o(i.inv_q_normalizef)
    inv_q_rotate                             0x0800837d   Thumb Code    62  ml_math_func.o(i.inv_q_rotate)
    inv_quaternion_sensor_was_turned_off     0x080083bd   Thumb Code    10  data_builder.o(i.inv_quaternion_sensor_was_turned_off)
    inv_quaternion_to_rotation               0x080083cd   Thumb Code   218  ml_math_func.o(i.inv_quaternion_to_rotation)
    inv_register_data_cb                     0x080084a9   Thumb Code   164  data_builder.o(i.inv_register_data_cb)
    inv_register_load_store                  0x08008559   Thumb Code   104  storage_manager.o(i.inv_register_load_store)
    inv_register_mpl_start_notification      0x080085c5   Thumb Code    28  start_manager.o(i.inv_register_mpl_start_notification)
    inv_reset_compass_soft_iron_matrix       0x080085e5   Thumb Code    68  data_builder.o(i.inv_reset_compass_soft_iron_matrix)
    inv_set_accel_orientation_and_scale      0x0800867d   Thumb Code    10  data_builder.o(i.inv_set_accel_orientation_and_scale)
    inv_set_accel_sample_rate                0x0800868d   Thumb Code    34  data_builder.o(i.inv_set_accel_sample_rate)
    inv_set_compass_bias_found               0x080086b9   Thumb Code     6  results_holder.o(i.inv_set_compass_bias_found)
    inv_set_compass_correction               0x080086c5   Thumb Code    30  results_holder.o(i.inv_set_compass_correction)
    inv_set_compass_disturbance              0x080086e9   Thumb Code     8  data_builder.o(i.inv_set_compass_disturbance)
    inv_set_gyro_bias                        0x08008789   Thumb Code    90  data_builder.o(i.inv_set_gyro_bias)
    inv_set_gyro_orientation_and_scale       0x080087e9   Thumb Code    10  data_builder.o(i.inv_set_gyro_orientation_and_scale)
    inv_set_gyro_sample_rate                 0x080087f9   Thumb Code    30  data_builder.o(i.inv_set_gyro_sample_rate)
    inv_set_message                          0x08008821   Thumb Code    16  message_layer.o(i.inv_set_message)
    inv_set_motion_state                     0x08008835   Thumb Code    52  results_holder.o(i.inv_set_motion_state)
    inv_start_mpl                            0x0800887d   Thumb Code    34  mpl.o(i.inv_start_mpl)
    inv_start_results_holder                 0x080088c5   Thumb Code    18  results_holder.o(i.inv_start_results_holder)
    inv_store_gaming_quaternion              0x080088dd   Thumb Code    30  results_holder.o(i.inv_store_gaming_quaternion)
    inv_unregister_data_cb                   0x08008901   Thumb Code    86  data_builder.o(i.inv_unregister_data_cb)
    inv_unregister_mpl_start_notification    0x0800895d   Thumb Code    70  start_manager.o(i.inv_unregister_mpl_start_notification)
    main                                     0x080089a9   Thumb Code   134  main.o(i.main)
    mpu6050_init                             0x08008a89   Thumb Code   372  analysis.o(i.mpu6050_init)
    mpu_configure_fifo                       0x08008cd1   Thumb Code    90  inv_mpu.o(i.mpu_configure_fifo)
    mpu_get_accel_fsr                        0x08008d31   Thumb Code    62  inv_mpu.o(i.mpu_get_accel_fsr)
    mpu_get_accel_reg                        0x08008d75   Thumb Code    98  inv_mpu.o(i.mpu_get_accel_reg)
    mpu_get_fifo_config                      0x08008ddd   Thumb Code    10  inv_mpu.o(i.mpu_get_fifo_config)
    mpu_get_gyro_fsr                         0x08008ded   Thumb Code    58  inv_mpu.o(i.mpu_get_gyro_fsr)
    mpu_get_lpf                              0x08008e2d   Thumb Code    64  inv_mpu.o(i.mpu_get_lpf)
    mpu_get_sample_rate                      0x08008e71   Thumb Code    24  inv_mpu.o(i.mpu_get_sample_rate)
    mpu_get_temperature                      0x08008e8d   Thumb Code   134  inv_mpu.o(i.mpu_get_temperature)
    mpu_init                                 0x08008f21   Thumb Code   206  inv_mpu.o(i.mpu_init)
    mpu_load_firmware                        0x08008ff5   Thumb Code   174  inv_mpu.o(i.mpu_load_firmware)
    mpu_lp_accel_mode                        0x080090a9   Thumb Code   204  inv_mpu.o(i.mpu_lp_accel_mode)
    mpu_lp_motion_interrupt                  0x08009179   Thumb Code   182  inv_mpu.o(i.mpu_lp_motion_interrupt)
    mpu_read_fifo                            0x08009235   Thumb Code   416  inv_mpu.o(i.mpu_read_fifo)
    mpu_read_fifo_stream                     0x080093d9   Thumb Code   170  inv_mpu.o(i.mpu_read_fifo_stream)
    mpu_read_mem                             0x08009489   Thumb Code   100  inv_mpu.o(i.mpu_read_mem)
    mpu_reset_fifo                           0x080094f1   Thumb Code   360  inv_mpu.o(i.mpu_reset_fifo)
    mpu_set_accel_fsr                        0x0800965d   Thumb Code   110  inv_mpu.o(i.mpu_set_accel_fsr)
    mpu_set_bypass                           0x080096d1   Thumb Code   276  inv_mpu.o(i.mpu_set_bypass)
    mpu_set_dmp_state                        0x080097e9   Thumb Code   118  inv_mpu.o(i.mpu_set_dmp_state)
    mpu_set_gyro_fsr                         0x08009865   Thumb Code   116  inv_mpu.o(i.mpu_set_gyro_fsr)
    mpu_set_int_latched                      0x080098dd   Thumb Code    92  inv_mpu.o(i.mpu_set_int_latched)
    mpu_set_lpf                              0x0800993d   Thumb Code   118  inv_mpu.o(i.mpu_set_lpf)
    mpu_set_sample_rate                      0x080099b9   Thumb Code   126  inv_mpu.o(i.mpu_set_sample_rate)
    mpu_set_sensors                          0x08009a3d   Thumb Code   172  inv_mpu.o(i.mpu_set_sensors)
    mpu_write_mem                            0x08009aed   Thumb Code   100  inv_mpu.o(i.mpu_write_mem)
    read_from_mpl                            0x08009b55   Thumb Code  1466  analysis.o(i.read_from_mpl)
    set_sensor_orientation_and_scale         0x0800a191   Thumb Code     6  data_builder.o(i.set_sensor_orientation_and_scale)
    sqrtf                                    0x0800a197   Thumb Code    62  sqrtf.o(i.sqrtf)
    ASCII16x24_Table                         0x0800a278   Data        4560  fonts.o(.constdata)
    reg                                      0x0800b448   Data          30  inv_mpu.o(.constdata)
    hw                                       0x0800b466   Data          12  inv_mpu.o(.constdata)
    test                                     0x0800b474   Data          40  inv_mpu.o(.constdata)
    ml_ver                                   0x0800c092   Data          20  mpl.o(.constdata)
    Region$$Table$$Base                      0x0800c134   Number         0  anon$$obj.o(Region$$Table)
    Region$$Table$$Limit                     0x0800c154   Number         0  anon$$obj.o(Region$$Table)
    SystemCoreClock                          0x20000000   Data           4  system_stm32f4xx.o(.data)
    AHBPrescTable                            0x20000004   Data          16  system_stm32f4xx.o(.data)
    Time_Count                               0x20000024   Data           4  stm32f4xx_it.o(.data)
    Font16x24                                0x20000048   Data           8  fonts.o(.data)
    ADC_ConvertedValue                       0x20000050   Data           2  bsp_adc.o(.data)
    mpl_key                                  0x20000054   Data           4  analysis.o(.data)
    timestamp_all                            0x20000058   Data           4  analysis.o(.data)
    ADC_Vol                                  0x2000005c   Data           4  analysis.o(.data)
    pressure                                 0x20000060   Data           4  analysis.o(.data)
    __stdout                                 0x200000a0   Data           4  stdout.o(.data)
    sensors                                  0x20000244   Data         408  data_builder.o(.bss)
    fnm                                      0x20000718   Data         608  fast_no_motion.o(.bss)
    s9axis                                   0x200009b8   Data         312  fusion_9axis.o(.bss)
    mag_disturb                              0x20000d20   Data         184  mag_disturb.o(.bss)
    __initial_sp                             0x200011d8   Data           0  startup_stm32f429_439xx.o(STACK)



==============================================================================

Memory Map of the image

  Image Entry point : 0x080001ad

  Load Region LR_IROM1 (Base: 0x08000000, Size: 0x0000c1fc, Max: 0x00100000, ABSOLUTE)

    Execution Region ER_IROM1 (Exec base: 0x08000000, Load base: 0x08000000, Size: 0x0000c154, Max: 0x00100000, ABSOLUTE)

    Exec Addr    Load Addr    Size         Type   Attr      Idx    E Section Name        Object

    0x08000000   0x08000000   0x000001ac   Data   RO            3    RESET               startup_stm32f429_439xx.o
    0x080001ac   0x080001ac   0x00000000   Code   RO         8369  * .ARM.Collect$$$$00000000  mc_w.l(entry.o)
    0x080001ac   0x080001ac   0x00000004   Code   RO         8725    .ARM.Collect$$$$00000001  mc_w.l(entry2.o)
    0x080001b0   0x080001b0   0x00000004   Code   RO         8728    .ARM.Collect$$$$00000004  mc_w.l(entry5.o)
    0x080001b4   0x080001b4   0x00000000   Code   RO         8730    .ARM.Collect$$$$00000008  mc_w.l(entry7b.o)
    0x080001b4   0x080001b4   0x00000000   Code   RO         8732    .ARM.Collect$$$$0000000A  mc_w.l(entry8b.o)
    0x080001b4   0x080001b4   0x00000008   Code   RO         8733    .ARM.Collect$$$$0000000B  mc_w.l(entry9a.o)
    0x080001bc   0x080001bc   0x00000000   Code   RO         8735    .ARM.Collect$$$$0000000D  mc_w.l(entry10a.o)
    0x080001bc   0x080001bc   0x00000000   Code   RO         8737    .ARM.Collect$$$$0000000F  mc_w.l(entry11a.o)
    0x080001bc   0x080001bc   0x00000004   Code   RO         8726    .ARM.Collect$$$$00002712  mc_w.l(entry2.o)
    0x080001c0   0x080001c0   0x00000024   Code   RO            4    .text               startup_stm32f429_439xx.o
    0x080001e4   0x080001e4   0x00000a18   Code   RO         7984    .text               libmpllib.lib(fast_no_motion.o)
    0x08000bfc   0x08000bfc   0x000006b0   Code   RO         8075    .text               libmpllib.lib(fusion_9axis.o)
    0x080012ac   0x080012ac   0x000004c4   Code   RO         8100    .text               libmpllib.lib(gyro_tc.o)
    0x08001770   0x08001770   0x00000994   Code   RO         8121    .text               libmpllib.lib(quaternion_supervisor.o)
    0x08002104   0x08002104   0x000005c0   Code   RO         8139    .text               libmpllib.lib(mag_disturb.o)
    0x080026c4   0x080026c4   0x00000062   Code   RO         8372    .text               mc_w.l(ldiv.o)
    0x08002726   0x08002726   0x0000001e   Code   RO         8374    .text               mc_w.l(llshl.o)
    0x08002744   0x08002744   0x00000024   Code   RO         8376    .text               mc_w.l(llsshr.o)
    0x08002768   0x08002768   0x00000040   Code   RO         8380    .text               mc_w.l(memmovea.o)
    0x080027a8   0x080027a8   0x00000024   Code   RO         8382    .text               mc_w.l(memseta.o)
    0x080027cc   0x080027cc   0x0000001a   Code   RO         8384    .text               mc_w.l(memcmp.o)
    0x080027e6   0x080027e6   0x0000014e   Code   RO         8651    .text               mf_w.l(dadd.o)
    0x08002934   0x08002934   0x000000e4   Code   RO         8653    .text               mf_w.l(dmul.o)
    0x08002a18   0x08002a18   0x000000de   Code   RO         8655    .text               mf_w.l(ddiv.o)
    0x08002af6   0x08002af6   0x0000002c   Code   RO         8657    .text               mf_w.l(ffltl.o)
    0x08002b22   0x08002b22   0x00000022   Code   RO         8659    .text               mf_w.l(dflti.o)
    0x08002b44   0x08002b44   0x00000042   Code   RO         8661    .text               mf_w.l(ffixl.o)
    0x08002b86   0x08002b86   0x0000003e   Code   RO         8663    .text               mf_w.l(dfixi.o)
    0x08002bc4   0x08002bc4   0x00000026   Code   RO         8665    .text               mf_w.l(f2d.o)
    0x08002bea   0x08002bea   0x00000002   PAD
    0x08002bec   0x08002bec   0x00000030   Code   RO         8669    .text               mf_w.l(cdrcmple.o)
    0x08002c1c   0x08002c1c   0x00000038   Code   RO         8671    .text               mf_w.l(d2f.o)
    0x08002c54   0x08002c54   0x0000002c   Code   RO         8740    .text               mc_w.l(uidiv.o)
    0x08002c80   0x08002c80   0x00000062   Code   RO         8742    .text               mc_w.l(uldiv.o)
    0x08002ce2   0x08002ce2   0x00000020   Code   RO         8744    .text               mc_w.l(llushr.o)
    0x08002d02   0x08002d02   0x00000000   Code   RO         8753    .text               mc_w.l(iusefp.o)
    0x08002d02   0x08002d02   0x0000006e   Code   RO         8754    .text               mf_w.l(fepilogue.o)
    0x08002d70   0x08002d70   0x000000ba   Code   RO         8756    .text               mf_w.l(depilogue.o)
    0x08002e2a   0x08002e2a   0x00000030   Code   RO         8764    .text               mf_w.l(dfixul.o)
    0x08002e5a   0x08002e5a   0x00000002   PAD
    0x08002e5c   0x08002e5c   0x00000024   Code   RO         8766    .text               mc_w.l(init.o)
    0x08002e80   0x08002e80   0x00000018   Code   RO          222    i.ADC_Cmd           stm32f4xx_adc.o
    0x08002e98   0x08002e98   0x00000028   Code   RO          223    i.ADC_CommonInit    stm32f4xx_adc.o
    0x08002ec0   0x08002ec0   0x00000018   Code   RO          226    i.ADC_DMACmd        stm32f4xx_adc.o
    0x08002ed8   0x08002ed8   0x00000018   Code   RO          227    i.ADC_DMARequestAfterLastTransferCmd  stm32f4xx_adc.o
    0x08002ef0   0x08002ef0   0x0000004c   Code   RO          242    i.ADC_Init          stm32f4xx_adc.o
    0x08002f3c   0x08002f3c   0x00000074   Code   RO          247    i.ADC_RegularChannelConfig  stm32f4xx_adc.o
    0x08002fb0   0x08002fb0   0x0000000a   Code   RO          249    i.ADC_SoftwareStartConv  stm32f4xx_adc.o
    0x08002fba   0x08002fba   0x00000014   Code   RO          251    i.ADC_StructInit    stm32f4xx_adc.o
    0x08002fce   0x08002fce   0x00000002   Code   RO         5222    i.BusFault_Handler  stm32f4xx_it.o
    0x08002fd0   0x08002fd0   0x00000018   Code   RO         1337    i.DMA2D_DeInit      stm32f4xx_dma2d.o
    0x08002fe8   0x08002fe8   0x00000014   Code   RO         1342    i.DMA2D_GetFlagStatus  stm32f4xx_dma2d.o
    0x08002ffc   0x08002ffc   0x000000b8   Code   RO         1345    i.DMA2D_Init        stm32f4xx_dma2d.o
    0x080030b4   0x080030b4   0x00000010   Code   RO         1347    i.DMA2D_StartTransfer  stm32f4xx_dma2d.o
    0x080030c4   0x080030c4   0x00000018   Code   RO         1201    i.DMA_Cmd           stm32f4xx_dma.o
    0x080030dc   0x080030dc   0x00000054   Code   RO         1213    i.DMA_Init          stm32f4xx_dma.o
    0x08003130   0x08003130   0x000001b4   Code   RO         5981    i.Data_mpu6050      analysis.o
    0x080032e4   0x080032e4   0x00000074   Code   RO         5982    i.Data_pressure     analysis.o
    0x08003358   0x08003358   0x00000002   Code   RO         5223    i.DebugMon_Handler  stm32f4xx_it.o
    0x0800335a   0x0800335a   0x00000002   PAD
    0x0800335c   0x0800335c   0x00000098   Code   RO         5340    i.Debug_USART_Config  bsp_debug_usart.o
    0x080033f4   0x080033f4   0x00000014   Code   RO         5463    i.Delay_ms          bsp_systick.o
    0x08003408   0x08003408   0x0000001c   Code   RO         5224    i.EXTI1_IRQHandler  stm32f4xx_it.o
    0x08003424   0x08003424   0x0000000c   Code   RO         1464    i.EXTI_ClearITPendingBit  stm32f4xx_exti.o
    0x08003430   0x08003430   0x00000014   Code   RO         1468    i.EXTI_GetITStatus  stm32f4xx_exti.o
    0x08003444   0x08003444   0x00000074   Code   RO         1469    i.EXTI_Init         stm32f4xx_exti.o
    0x080034b8   0x080034b8   0x00000054   Code   RO         5517    i.EXTI_MPU_Config   bsp_mpu_exti.o
    0x0800350c   0x0800350c   0x00000036   Code   RO         1790    i.FMC_GetFlagStatus  stm32f4xx_fmc.o
    0x08003542   0x08003542   0x00000002   PAD
    0x08003544   0x08003544   0x00000020   Code   RO         1807    i.FMC_SDRAMCmdConfig  stm32f4xx_fmc.o
    0x08003564   0x08003564   0x00000106   Code   RO         1809    i.FMC_SDRAMInit     stm32f4xx_fmc.o
    0x0800366a   0x0800366a   0x00000002   PAD
    0x0800366c   0x0800366c   0x00000010   Code   RO         1813    i.FMC_SetRefreshCount  stm32f4xx_fmc.o
    0x0800367c   0x0800367c   0x0000007c   Code   RO         1971    i.GPIO_Init         stm32f4xx_gpio.o
    0x080036f8   0x080036f8   0x00000020   Code   RO         1972    i.GPIO_PinAFConfig  stm32f4xx_gpio.o
    0x08003718   0x08003718   0x00000004   Code   RO         1978    i.GPIO_ResetBits    stm32f4xx_gpio.o
    0x0800371c   0x0800371c   0x00000004   Code   RO         1979    i.GPIO_SetBits      stm32f4xx_gpio.o
    0x08003720   0x08003720   0x0000000c   Code   RO         5376    i.Get_I2C_Retry     i2c.o
    0x0800372c   0x0800372c   0x00000002   Code   RO         5225    i.HardFault_Handler  stm32f4xx_it.o
    0x0800372e   0x0800372e   0x00000018   Code   RO         2259    i.I2C_AcknowledgeConfig  stm32f4xx_i2c.o
    0x08003746   0x08003746   0x00000006   Code   RO         2263    i.I2C_ClearFlag     stm32f4xx_i2c.o
    0x0800374c   0x0800374c   0x00000018   Code   RO         2265    i.I2C_Cmd           stm32f4xx_i2c.o
    0x08003764   0x08003764   0x00000064   Code   RO         2268    i.I2C_DeInit        stm32f4xx_i2c.o
    0x080037c8   0x080037c8   0x00000018   Code   RO         2273    i.I2C_GenerateSTART  stm32f4xx_i2c.o
    0x080037e0   0x080037e0   0x00000018   Code   RO         2274    i.I2C_GenerateSTOP  stm32f4xx_i2c.o
    0x080037f8   0x080037f8   0x00000032   Code   RO         2275    i.I2C_GetFlagStatus  stm32f4xx_i2c.o
    0x0800382a   0x0800382a   0x00000002   PAD
    0x0800382c   0x0800382c   0x000000bc   Code   RO         2280    i.I2C_Init          stm32f4xx_i2c.o
    0x080038e8   0x080038e8   0x00000010   Code   RO         2284    i.I2C_ReadRegister  stm32f4xx_i2c.o
    0x080038f8   0x080038f8   0x00000006   Code   RO         2285    i.I2C_ReceiveData   stm32f4xx_i2c.o
    0x080038fe   0x080038fe   0x00000012   Code   RO         2287    i.I2C_Send7bitAddress  stm32f4xx_i2c.o
    0x08003910   0x08003910   0x00000004   Code   RO         2288    i.I2C_SendData      stm32f4xx_i2c.o
    0x08003914   0x08003914   0x00000018   Code   RO         2289    i.I2C_SoftwareResetCmd  stm32f4xx_i2c.o
    0x0800392c   0x0800392c   0x0000009c   Code   RO         5377    i.I2Cx_TIMEOUT_UserCallback  i2c.o
    0x080039c8   0x080039c8   0x000000a4   Code   RO         5378    i.I2cMaster_Init    i2c.o
    0x08003a6c   0x08003a6c   0x00000058   Code   RO         5546    i.LCD_Clear         bsp_lcd.o
    0x08003ac4   0x08003ac4   0x00000020   Code   RO         5551    i.LCD_DisplayChar   bsp_lcd.o
    0x08003ae4   0x08003ae4   0x00000044   Code   RO         5552    i.LCD_DisplayStringLine  bsp_lcd.o
    0x08003b28   0x08003b28   0x0000009c   Code   RO         5553    i.LCD_DrawChar      bsp_lcd.o
    0x08003bc4   0x08003bc4   0x000002fc   Code   RO         5565    i.LCD_GPIO_Config   bsp_lcd.o
    0x08003ec0   0x08003ec0   0x0000000c   Code   RO         5567    i.LCD_GetFont       bsp_lcd.o
    0x08003ecc   0x08003ecc   0x00000084   Code   RO         5568    i.LCD_Init          bsp_lcd.o
    0x08003f50   0x08003f50   0x0000009c   Code   RO         5569    i.LCD_LayerInit     bsp_lcd.o
    0x08003fec   0x08003fec   0x0000000c   Code   RO         5576    i.LCD_SetColors     bsp_lcd.o
    0x08003ff8   0x08003ff8   0x0000000c   Code   RO         5579    i.LCD_SetFont       bsp_lcd.o
    0x08004004   0x08004004   0x00000024   Code   RO         5580    i.LCD_SetLayer      bsp_lcd.o
    0x08004028   0x08004028   0x00000030   Code   RO         5582    i.LCD_SetTransparency  bsp_lcd.o
    0x08004058   0x08004058   0x00000074   Code   RO         5316    i.LED_GPIO_Config   bsp_led.o
    0x080040cc   0x080040cc   0x00000020   Code   RO         2545    i.LTDC_Cmd          stm32f4xx_ltdc.o
    0x080040ec   0x080040ec   0x000000a8   Code   RO         2556    i.LTDC_Init         stm32f4xx_ltdc.o
    0x08004194   0x08004194   0x00000004   Code   RO         2559    i.LTDC_LayerAlpha   stm32f4xx_ltdc.o
    0x08004198   0x08004198   0x00000018   Code   RO         2560    i.LTDC_LayerCmd     stm32f4xx_ltdc.o
    0x080041b0   0x080041b0   0x00000096   Code   RO         2561    i.LTDC_LayerInit    stm32f4xx_ltdc.o
    0x08004246   0x08004246   0x00000002   PAD
    0x08004248   0x08004248   0x0000000c   Code   RO         2568    i.LTDC_ReloadConfig  stm32f4xx_ltdc.o
    0x08004254   0x08004254   0x00000002   Code   RO         5226    i.MemManage_Handler  stm32f4xx_it.o
    0x08004256   0x08004256   0x00000002   Code   RO         5227    i.NMI_Handler       stm32f4xx_it.o
    0x08004258   0x08004258   0x00000026   Code   RO         5518    i.NVIC_Configuration  bsp_mpu_exti.o
    0x0800427e   0x0800427e   0x00000002   PAD
    0x08004280   0x08004280   0x00000068   Code   RO          164    i.NVIC_Init         misc.o
    0x080042e8   0x080042e8   0x00000014   Code   RO          165    i.NVIC_PriorityGroupConfig  misc.o
    0x080042fc   0x080042fc   0x00000002   Code   RO         5228    i.PendSV_Handler    stm32f4xx_it.o
    0x080042fe   0x080042fe   0x00000002   PAD
    0x08004300   0x08004300   0x0000001c   Code   RO         2864    i.RCC_AHB1PeriphClockCmd  stm32f4xx_rcc.o
    0x0800431c   0x0800431c   0x0000001c   Code   RO         2866    i.RCC_AHB1PeriphResetCmd  stm32f4xx_rcc.o
    0x08004338   0x08004338   0x0000001c   Code   RO         2870    i.RCC_AHB3PeriphClockCmd  stm32f4xx_rcc.o
    0x08004354   0x08004354   0x0000001c   Code   RO         2873    i.RCC_APB1PeriphClockCmd  stm32f4xx_rcc.o
    0x08004370   0x08004370   0x0000001c   Code   RO         2875    i.RCC_APB1PeriphResetCmd  stm32f4xx_rcc.o
    0x0800438c   0x0800438c   0x0000001c   Code   RO         2876    i.RCC_APB2PeriphClockCmd  stm32f4xx_rcc.o
    0x080043a8   0x080043a8   0x000000a4   Code   RO         2885    i.RCC_GetClocksFreq  stm32f4xx_rcc.o
    0x0800444c   0x0800444c   0x00000038   Code   RO         2886    i.RCC_GetFlagStatus  stm32f4xx_rcc.o
    0x08004484   0x08004484   0x00000014   Code   RO         2897    i.RCC_LTDCCLKDivConfig  stm32f4xx_rcc.o
    0x08004498   0x08004498   0x0000000c   Code   RO         2906    i.RCC_PLLSAICmd     stm32f4xx_rcc.o
    0x080044a4   0x080044a4   0x00000014   Code   RO         2907    i.RCC_PLLSAIConfig  stm32f4xx_rcc.o
    0x080044b8   0x080044b8   0x00000080   Code   RO         5886    i.RELAY_GPIO_Config  bsp_relay.o
    0x08004538   0x08004538   0x00000028   Code   RO         5910    i.Rheostat_ADC_GPIO_Config  bsp_adc.o
    0x08004560   0x08004560   0x000000c8   Code   RO         5911    i.Rheostat_ADC_Mode_Config  bsp_adc.o
    0x08004628   0x08004628   0x0000000e   Code   RO         5912    i.Rheostat_Init     bsp_adc.o
    0x08004636   0x08004636   0x00000002   PAD
    0x08004638   0x08004638   0x00000398   Code   RO         5829    i.SDRAM_GPIO_Config  bsp_sdram.o
    0x080049d0   0x080049d0   0x0000005c   Code   RO         5830    i.SDRAM_Init        bsp_sdram.o
    0x08004a2c   0x08004a2c   0x000000ac   Code   RO         5831    i.SDRAM_InitSequence  bsp_sdram.o
    0x08004ad8   0x08004ad8   0x00000020   Code   RO         5835    i.SDRAM_delay       bsp_sdram.o
    0x08004af8   0x08004af8   0x000003f4   Code   RO         5380    i.ST_Sensors_I2C_ReadRegister  i2c.o
    0x08004eec   0x08004eec   0x0000015c   Code   RO         5382    i.ST_Sensors_I2C_WriteRegister  i2c.o
    0x08005048   0x08005048   0x00000002   Code   RO         5229    i.SVC_Handler       stm32f4xx_it.o
    0x0800504a   0x0800504a   0x00000002   PAD
    0x0800504c   0x0800504c   0x0000002c   Code   RO         4163    i.SYSCFG_EXTILineConfig  stm32f4xx_syscfg.o
    0x08005078   0x08005078   0x0000003e   Code   RO         5384    i.Sensors_I2C_ReadRegister  i2c.o
    0x080050b6   0x080050b6   0x0000003e   Code   RO         5386    i.Sensors_I2C_WriteRegister  i2c.o
    0x080050f4   0x080050f4   0x000000d4   Code   RO           13    i.SetSysClock       system_stm32f4xx.o
    0x080051c8   0x080051c8   0x0000000e   Code   RO         5230    i.SysTick_Handler   stm32f4xx_it.o
    0x080051d6   0x080051d6   0x00000002   PAD
    0x080051d8   0x080051d8   0x00000040   Code   RO         5464    i.SysTick_Init      bsp_systick.o
    0x08005218   0x08005218   0x0000005c   Code   RO           15    i.SystemInit        system_stm32f4xx.o
    0x08005274   0x08005274   0x00000090   Code   RO         5231    i.TIM1_UP_TIM10_IRQHandler  stm32f4xx_it.o
    0x08005304   0x08005304   0x00000006   Code   RO         4230    i.TIM_ClearFlag     stm32f4xx_tim.o
    0x0800530a   0x0800530a   0x00000006   Code   RO         4231    i.TIM_ClearITPendingBit  stm32f4xx_tim.o
    0x08005310   0x08005310   0x00000018   Code   RO         4236    i.TIM_Cmd           stm32f4xx_tim.o
    0x08005328   0x08005328   0x00000018   Code   RO         4257    i.TIM_GetITStatus   stm32f4xx_tim.o
    0x08005340   0x08005340   0x00000014   Code   RO         4261    i.TIM_ITConfig      stm32f4xx_tim.o
    0x08005354   0x08005354   0x00000050   Code   RO         5947    i.TIM_Mode_Config   bsp_advance_tim.o
    0x080053a4   0x080053a4   0x0000007c   Code   RO         4308    i.TIM_TimeBaseInit  stm32f4xx_tim.o
    0x08005420   0x08005420   0x0000000e   Code   RO         5948    i.TIMx_Configuration  bsp_advance_tim.o
    0x0800542e   0x0800542e   0x00000028   Code   RO         5949    i.TIMx_NVIC_Configuration  bsp_advance_tim.o
    0x08005456   0x08005456   0x00000002   PAD
    0x08005458   0x08005458   0x00000010   Code   RO         5465    i.TimeStamp_Increment  bsp_systick.o
    0x08005468   0x08005468   0x00000014   Code   RO         5466    i.TimingDelay_Decrement  bsp_systick.o
    0x0800547c   0x0800547c   0x00000008   Code   RO         4786    i.USART_ClearFlag   stm32f4xx_usart.o
    0x08005484   0x08005484   0x00000018   Code   RO         4790    i.USART_Cmd         stm32f4xx_usart.o
    0x0800549c   0x0800549c   0x0000000e   Code   RO         4793    i.USART_GetFlagStatus  stm32f4xx_usart.o
    0x080054aa   0x080054aa   0x00000002   PAD
    0x080054ac   0x080054ac   0x000000bc   Code   RO         4797    i.USART_Init        stm32f4xx_usart.o
    0x08005568   0x08005568   0x00000008   Code   RO         4804    i.USART_ReceiveData  stm32f4xx_usart.o
    0x08005570   0x08005570   0x00000008   Code   RO         4807    i.USART_SendData    stm32f4xx_usart.o
    0x08005578   0x08005578   0x00000002   Code   RO         5232    i.UsageFault_Handler  stm32f4xx_it.o
    0x0800557a   0x0800557a   0x0000009a   Code   RO         6576    i._MLPrintLog       log_stm32.o
    0x08005614   0x08005614   0x00000020   Code   RO         8623    i.__0printf         mc_w.l(printfa.o)
    0x08005634   0x08005634   0x00000028   Code   RO         8625    i.__0sprintf        mc_w.l(printfa.o)
    0x0800565c   0x0800565c   0x00000024   Code   RO         8629    i.__0vsprintf       mc_w.l(printfa.o)
    0x08005680   0x08005680   0x00000026   Code   RO         8692    i.__ARM_fpclassifyf  m_wm.l(fpclassifyf.o)
    0x080056a6   0x080056a6   0x00000002   PAD
    0x080056a8   0x080056a8   0x00000118   Code   RO         8175    i.__hardfp_acosf    m_wm.l(acosf.o)
    0x080057c0   0x080057c0   0x00000250   Code   RO         8239    i.__hardfp_atan2f   m_wm.l(atan2f.o)
    0x08005a10   0x08005a10   0x00000150   Code   RO         8269    i.__hardfp_cosf     m_wm.l(cosf.o)
    0x08005b60   0x08005b60   0x00000190   Code   RO         8333    i.__hardfp_sinf     m_wm.l(sinf.o)
    0x08005cf0   0x08005cf0   0x0000003a   Code   RO         8357    i.__hardfp_sqrtf    m_wm.l(sqrtf.o)
    0x08005d2a   0x08005d2a   0x00000006   Code   RO         8695    i.__mathlib_flt_infnan  m_wm.l(funder.o)
    0x08005d30   0x08005d30   0x00000006   Code   RO         8696    i.__mathlib_flt_infnan2  m_wm.l(funder.o)
    0x08005d36   0x08005d36   0x00000002   PAD
    0x08005d38   0x08005d38   0x00000010   Code   RO         8697    i.__mathlib_flt_invalid  m_wm.l(funder.o)
    0x08005d48   0x08005d48   0x00000010   Code   RO         8700    i.__mathlib_flt_underflow  m_wm.l(funder.o)
    0x08005d58   0x08005d58   0x00000154   Code   RO         8716    i.__mathlib_rredf2  m_wm.l(rredf.o)
    0x08005eac   0x08005eac   0x00000030   Code   RO         7639    i.__print_result_location  mpl.o
    0x08005edc   0x08005edc   0x0000000e   Code   RO         8772    i.__scatterload_copy  mc_w.l(handlers.o)
    0x08005eea   0x08005eea   0x00000002   Code   RO         8773    i.__scatterload_null  mc_w.l(handlers.o)
    0x08005eec   0x08005eec   0x0000000e   Code   RO         8774    i.__scatterload_zeroinit  mc_w.l(handlers.o)
    0x08005efa   0x08005efa   0x00000002   PAD
    0x08005efc   0x08005efc   0x0000000c   Code   RO         8748    i.__set_errno       mc_w.l(errno.o)
    0x08005f08   0x08005f08   0x00000184   Code   RO         8630    i._fp_digits        mc_w.l(printfa.o)
    0x0800608c   0x0800608c   0x000006dc   Code   RO         8631    i._printf_core      mc_w.l(printfa.o)
    0x08006768   0x08006768   0x00000024   Code   RO         8632    i._printf_post_padding  mc_w.l(printfa.o)
    0x0800678c   0x0800678c   0x0000002e   Code   RO         8633    i._printf_pre_padding  mc_w.l(printfa.o)
    0x080067ba   0x080067ba   0x0000000a   Code   RO         8635    i._sputc            mc_w.l(printfa.o)
    0x080067c4   0x080067c4   0x00000070   Code   RO         5983    i.android_orient_cb  analysis.o
    0x08006834   0x08006834   0x0000003c   Code   RO         6382    i.decode_gesture    inv_mpu_dmp_motion_driver.o
    0x08006870   0x08006870   0x0000003c   Code   RO         6383    i.dmp_enable_6x_lp_quat  inv_mpu_dmp_motion_driver.o
    0x080068ac   0x080068ac   0x000001ec   Code   RO         6384    i.dmp_enable_feature  inv_mpu_dmp_motion_driver.o
    0x08006a98   0x08006a98   0x00000058   Code   RO         6385    i.dmp_enable_gyro_cal  inv_mpu_dmp_motion_driver.o
    0x08006af0   0x08006af0   0x0000003c   Code   RO         6386    i.dmp_enable_lp_quat  inv_mpu_dmp_motion_driver.o
    0x08006b2c   0x08006b2c   0x00000044   Code   RO         6389    i.dmp_get_pedometer_step_count  inv_mpu_dmp_motion_driver.o
    0x08006b70   0x08006b70   0x0000004a   Code   RO         6390    i.dmp_get_pedometer_walk_time  inv_mpu_dmp_motion_driver.o
    0x08006bba   0x08006bba   0x00000002   PAD
    0x08006bbc   0x08006bbc   0x00000014   Code   RO         6391    i.dmp_load_motion_driver_firmware  inv_mpu_dmp_motion_driver.o
    0x08006bd0   0x08006bd0   0x00000184   Code   RO         6392    i.dmp_read_fifo     inv_mpu_dmp_motion_driver.o
    0x08006d54   0x08006d54   0x0000000c   Code   RO         6393    i.dmp_register_android_orient_cb  inv_mpu_dmp_motion_driver.o
    0x08006d60   0x08006d60   0x0000000c   Code   RO         6394    i.dmp_register_tap_cb  inv_mpu_dmp_motion_driver.o
    0x08006d6c   0x08006d6c   0x00000070   Code   RO         6396    i.dmp_set_fifo_rate  inv_mpu_dmp_motion_driver.o
    0x08006ddc   0x08006ddc   0x00000118   Code   RO         6399    i.dmp_set_orientation  inv_mpu_dmp_motion_driver.o
    0x08006ef4   0x08006ef4   0x00000030   Code   RO         6402    i.dmp_set_shake_reject_thresh  inv_mpu_dmp_motion_driver.o
    0x08006f24   0x08006f24   0x00000020   Code   RO         6403    i.dmp_set_shake_reject_time  inv_mpu_dmp_motion_driver.o
    0x08006f44   0x08006f44   0x00000020   Code   RO         6404    i.dmp_set_shake_reject_timeout  inv_mpu_dmp_motion_driver.o
    0x08006f64   0x08006f64   0x00000038   Code   RO         6405    i.dmp_set_tap_axes  inv_mpu_dmp_motion_driver.o
    0x08006f9c   0x08006f9c   0x00000022   Code   RO         6406    i.dmp_set_tap_count  inv_mpu_dmp_motion_driver.o
    0x08006fbe   0x08006fbe   0x00000002   PAD
    0x08006fc0   0x08006fc0   0x0000019c   Code   RO         6407    i.dmp_set_tap_thresh  inv_mpu_dmp_motion_driver.o
    0x0800715c   0x0800715c   0x00000020   Code   RO         6408    i.dmp_set_tap_time  inv_mpu_dmp_motion_driver.o
    0x0800717c   0x0800717c   0x00000020   Code   RO         6409    i.dmp_set_tap_time_multi  inv_mpu_dmp_motion_driver.o
    0x0800719c   0x0800719c   0x00000182   Code   RO         6577    i.eMPL_send_data    log_stm32.o
    0x0800731e   0x0800731e   0x00000002   PAD
    0x08007320   0x08007320   0x00000024   Code   RO         5342    i.fputc             bsp_debug_usart.o
    0x08007344   0x08007344   0x00000002   Code   RO         6579    i.fputcc            log_stm32.o
    0x08007346   0x08007346   0x00000002   PAD
    0x08007348   0x08007348   0x00000010   Code   RO         5467    i.get_tick_count    bsp_systick.o
    0x08007358   0x08007358   0x0000000c   Code   RO         5984    i.gyro_data_ready_cb  analysis.o
    0x08007364   0x08007364   0x0000001c   Code   RO         5985    i.handle_input      analysis.o
    0x08007380   0x08007380   0x0000000c   Code   RO         6709    i.inv_accel_was_turned_off  data_builder.o
    0x0800738c   0x0800738c   0x0000006a   Code   RO         6710    i.inv_apply_calibration  data_builder.o
    0x080073f6   0x080073f6   0x00000002   PAD
    0x080073f8   0x080073f8   0x00000068   Code   RO         6711    i.inv_build_accel   data_builder.o
    0x08007460   0x08007460   0x00000030   Code   RO         6713    i.inv_build_gyro    data_builder.o
    0x08007490   0x08007490   0x00000030   Code   RO         6714    i.inv_build_quat    data_builder.o
    0x080074c0   0x080074c0   0x0000001c   Code   RO         6715    i.inv_build_temp    data_builder.o
    0x080074dc   0x080074dc   0x000000ac   Code   RO         7287    i.inv_compass_angle  ml_math_func.o
    0x08007588   0x08007588   0x00000010   Code   RO         6716    i.inv_compass_was_turned_off  data_builder.o
    0x08007598   0x08007598   0x0000005c   Code   RO         7289    i.inv_convert_to_body_with_scale  ml_math_func.o
    0x080075f4   0x080075f4   0x00000034   Code   RO         6717    i.inv_db_load_func  data_builder.o
    0x08007628   0x08007628   0x00000014   Code   RO         6718    i.inv_db_save_func  data_builder.o
    0x0800763c   0x0800763c   0x00000010   Code   RO         6719    i.inv_disable_compass_soft_iron_matrix  data_builder.o
    0x0800764c   0x0800764c   0x0000001c   Code   RO         6625    i.inv_enable_eMPL_outputs  empl_outputs.o
    0x08007668   0x08007668   0x0000001c   Code   RO         7674    i.inv_enable_results_holder  results_holder.o
    0x08007684   0x08007684   0x00000028   Code   RO         7909    i.inv_execute_mpl_start_notification  start_manager.o
    0x080076ac   0x080076ac   0x00000080   Code   RO         6721    i.inv_execute_on_data  data_builder.o
    0x0800772c   0x0800772c   0x000000ac   Code   RO         6626    i.inv_generate_eMPL_outputs  empl_outputs.o
    0x080077d8   0x080077d8   0x00000010   Code   RO         7675    i.inv_generate_results  results_holder.o
    0x080077e8   0x080077e8   0x0000001c   Code   RO         7676    i.inv_get_6axis_quaternion  results_holder.o
    0x08007804   0x08007804   0x0000000c   Code   RO         7677    i.inv_get_acc_state  results_holder.o
    0x08007810   0x08007810   0x0000000c   Code   RO         6722    i.inv_get_accel_accuracy  data_builder.o
    0x0800781c   0x0800781c   0x00000010   Code   RO         6724    i.inv_get_accel_on  data_builder.o
    0x0800782c   0x0800782c   0x00000030   Code   RO         6728    i.inv_get_accel_set  data_builder.o
    0x0800785c   0x0800785c   0x00000018   Code   RO         7681    i.inv_get_compass_correction  results_holder.o
    0x08007874   0x08007874   0x00000010   Code   RO         6731    i.inv_get_compass_on  data_builder.o
    0x08007884   0x08007884   0x00000054   Code   RO         7683    i.inv_get_gravity   results_holder.o
    0x080078d8   0x080078d8   0x00000014   Code   RO         6739    i.inv_get_gyro      data_builder.o
    0x080078ec   0x080078ec   0x0000000c   Code   RO         6740    i.inv_get_gyro_accuracy  data_builder.o
    0x080078f8   0x080078f8   0x0000002c   Code   RO         6741    i.inv_get_gyro_bias  data_builder.o
    0x08007924   0x08007924   0x0000001c   Code   RO         6742    i.inv_get_gyro_bias_tc_set  data_builder.o
    0x08007940   0x08007940   0x00000010   Code   RO         6743    i.inv_get_gyro_on   data_builder.o
    0x08007950   0x08007950   0x0000002c   Code   RO         6747    i.inv_get_gyro_set  data_builder.o
    0x0800797c   0x0800797c   0x00000018   Code   RO         7293    i.inv_get_gyro_sum_of_sqr  ml_math_func.o
    0x08007994   0x08007994   0x00000048   Code   RO         6749    i.inv_get_last_timestamp  data_builder.o
    0x080079dc   0x080079dc   0x0000003e   Code   RO         7687    i.inv_get_linear_accel  results_holder.o
    0x08007a1a   0x08007a1a   0x00000002   PAD
    0x08007a1c   0x08007a1c   0x00000014   Code   RO         7689    i.inv_get_local_field  results_holder.o
    0x08007a30   0x08007a30   0x00000020   Code   RO         6750    i.inv_get_mag_accuracy  data_builder.o
    0x08007a50   0x08007a50   0x00000014   Code   RO         7261    i.inv_get_message_level_0  message_layer.o
    0x08007a64   0x08007a64   0x00000010   Code   RO         7691    i.inv_get_motion_state  results_holder.o
    0x08007a74   0x08007a74   0x00000030   Code   RO         7692    i.inv_get_quaternion  results_holder.o
    0x08007aa4   0x08007aa4   0x00000040   Code   RO         7694    i.inv_get_quaternion_set  results_holder.o
    0x08007ae4   0x08007ae4   0x0000001c   Code   RO         6627    i.inv_get_sensor_type_accel  empl_outputs.o
    0x08007b00   0x08007b00   0x000001dc   Code   RO         6629    i.inv_get_sensor_type_euler  empl_outputs.o
    0x08007cdc   0x08007cdc   0x00000060   Code   RO         7163    i.inv_get_sensor_type_gravity  hal_outputs.o
    0x08007d3c   0x08007d3c   0x0000001c   Code   RO         6630    i.inv_get_sensor_type_gyro  empl_outputs.o
    0x08007d58   0x08007d58   0x000000a8   Code   RO         6631    i.inv_get_sensor_type_heading  empl_outputs.o
    0x08007e00   0x08007e00   0x00000070   Code   RO         7166    i.inv_get_sensor_type_linear_acceleration  hal_outputs.o
    0x08007e70   0x08007e70   0x00000020   Code   RO         6633    i.inv_get_sensor_type_rot_mat  empl_outputs.o
    0x08007e90   0x08007e90   0x0000000c   Code   RO         7696    i.inv_got_compass_bias  results_holder.o
    0x08007e9c   0x08007e9c   0x0000000c   Code   RO         6752    i.inv_gyro_was_turned_off  data_builder.o
    0x08007ea8   0x08007ea8   0x0000003c   Code   RO         6753    i.inv_init_data_builder  data_builder.o
    0x08007ee4   0x08007ee4   0x00000014   Code   RO         6634    i.inv_init_eMPL_outputs  empl_outputs.o
    0x08007ef8   0x08007ef8   0x00000084   Code   RO         7641    i.inv_init_mpl      mpl.o
    0x08007f7c   0x08007f7c   0x00000030   Code   RO         7697    i.inv_init_results_holder  results_holder.o
    0x08007fac   0x08007fac   0x00000014   Code   RO         7910    i.inv_init_start_manager  start_manager.o
    0x08007fc0   0x08007fc0   0x00000018   Code   RO         7943    i.inv_init_storage_manager  storage_manager.o
    0x08007fd8   0x08007fd8   0x00000024   Code   RO         7302    i.inv_orientation_matrix_to_scalar  ml_math_func.o
    0x08007ffc   0x08007ffc   0x0000000c   Code   RO         7303    i.inv_q29_mult      ml_math_func.o
    0x08008008   0x08008008   0x0000000c   Code   RO         7305    i.inv_q30_mult      ml_math_func.o
    0x08008014   0x08008014   0x00000024   Code   RO         7307    i.inv_q_add         ml_math_func.o
    0x08008038   0x08008038   0x00000042   Code   RO         7308    i.inv_q_addf        ml_math_func.o
    0x0800807a   0x0800807a   0x00000018   Code   RO         7309    i.inv_q_invert      ml_math_func.o
    0x08008092   0x08008092   0x0000002e   Code   RO         7310    i.inv_q_invertf     ml_math_func.o
    0x080080c0   0x080080c0   0x000000b0   Code   RO         7311    i.inv_q_mult        ml_math_func.o
    0x08008170   0x08008170   0x000000d2   Code   RO         7312    i.inv_q_multf       ml_math_func.o
    0x08008242   0x08008242   0x00000002   PAD
    0x08008244   0x08008244   0x00000084   Code   RO         7313    i.inv_q_norm4       ml_math_func.o
    0x080082c8   0x080082c8   0x000000b4   Code   RO         7315    i.inv_q_normalizef  ml_math_func.o
    0x0800837c   0x0800837c   0x0000003e   Code   RO         7316    i.inv_q_rotate      ml_math_func.o
    0x080083ba   0x080083ba   0x00000002   PAD
    0x080083bc   0x080083bc   0x00000010   Code   RO         6755    i.inv_quaternion_sensor_was_turned_off  data_builder.o
    0x080083cc   0x080083cc   0x000000da   Code   RO         7318    i.inv_quaternion_to_rotation  ml_math_func.o
    0x080084a6   0x080084a6   0x00000002   PAD
    0x080084a8   0x080084a8   0x000000b0   Code   RO         6756    i.inv_register_data_cb  data_builder.o
    0x08008558   0x08008558   0x0000006c   Code   RO         7945    i.inv_register_load_store  storage_manager.o
    0x080085c4   0x080085c4   0x00000020   Code   RO         7911    i.inv_register_mpl_start_notification  start_manager.o
    0x080085e4   0x080085e4   0x00000050   Code   RO         6757    i.inv_reset_compass_soft_iron_matrix  data_builder.o
    0x08008634   0x08008634   0x00000048   Code   RO         7320    i.inv_row_2_scale   ml_math_func.o
    0x0800867c   0x0800867c   0x00000010   Code   RO         6762    i.inv_set_accel_orientation_and_scale  data_builder.o
    0x0800868c   0x0800868c   0x0000002c   Code   RO         6763    i.inv_set_accel_sample_rate  data_builder.o
    0x080086b8   0x080086b8   0x0000000c   Code   RO         7702    i.inv_set_compass_bias_found  results_holder.o
    0x080086c4   0x080086c4   0x00000024   Code   RO         7703    i.inv_set_compass_correction  results_holder.o
    0x080086e8   0x080086e8   0x0000000c   Code   RO         6766    i.inv_set_compass_disturbance  data_builder.o
    0x080086f4   0x080086f4   0x00000094   Code   RO         6772    i.inv_set_contiguous  data_builder.o
    0x08008788   0x08008788   0x00000060   Code   RO         6774    i.inv_set_gyro_bias  data_builder.o
    0x080087e8   0x080087e8   0x00000010   Code   RO         6775    i.inv_set_gyro_orientation_and_scale  data_builder.o
    0x080087f8   0x080087f8   0x00000028   Code   RO         6776    i.inv_set_gyro_sample_rate  data_builder.o
    0x08008820   0x08008820   0x00000014   Code   RO         7262    i.inv_set_message   message_layer.o
    0x08008834   0x08008834   0x00000038   Code   RO         7709    i.inv_set_motion_state  results_holder.o
    0x0800886c   0x0800886c   0x00000010   Code   RO         6635    i.inv_start_eMPL_outputs  empl_outputs.o
    0x0800887c   0x0800887c   0x00000048   Code   RO         7642    i.inv_start_mpl     mpl.o
    0x080088c4   0x080088c4   0x00000018   Code   RO         7710    i.inv_start_results_holder  results_holder.o
    0x080088dc   0x080088dc   0x00000024   Code   RO         7711    i.inv_store_gaming_quaternion  results_holder.o
    0x08008900   0x08008900   0x0000005c   Code   RO         6779    i.inv_unregister_data_cb  data_builder.o
    0x0800895c   0x0800895c   0x0000004c   Code   RO         7912    i.inv_unregister_mpl_start_notification  start_manager.o
    0x080089a8   0x080089a8   0x000000e0   Code   RO         5044    i.main              main.o
    0x08008a88   0x08008a88   0x00000248   Code   RO         5986    i.mpu6050_init      analysis.o
    0x08008cd0   0x08008cd0   0x00000060   Code   RO         6067    i.mpu_configure_fifo  inv_mpu.o
    0x08008d30   0x08008d30   0x00000044   Code   RO         6068    i.mpu_get_accel_fsr  inv_mpu.o
    0x08008d74   0x08008d74   0x00000068   Code   RO         6069    i.mpu_get_accel_reg  inv_mpu.o
    0x08008ddc   0x08008ddc   0x00000010   Code   RO         6075    i.mpu_get_fifo_config  inv_mpu.o
    0x08008dec   0x08008dec   0x00000040   Code   RO         6076    i.mpu_get_gyro_fsr  inv_mpu.o
    0x08008e2c   0x08008e2c   0x00000044   Code   RO         6080    i.mpu_get_lpf       inv_mpu.o
    0x08008e70   0x08008e70   0x0000001c   Code   RO         6082    i.mpu_get_sample_rate  inv_mpu.o
    0x08008e8c   0x08008e8c   0x00000094   Code   RO         6083    i.mpu_get_temperature  inv_mpu.o
    0x08008f20   0x08008f20   0x000000d4   Code   RO         6084    i.mpu_init          inv_mpu.o
    0x08008ff4   0x08008ff4   0x000000b4   Code   RO         6085    i.mpu_load_firmware  inv_mpu.o
    0x080090a8   0x080090a8   0x000000d0   Code   RO         6086    i.mpu_lp_accel_mode  inv_mpu.o
    0x08009178   0x08009178   0x000000bc   Code   RO         6087    i.mpu_lp_motion_interrupt  inv_mpu.o
    0x08009234   0x08009234   0x000001a4   Code   RO         6091    i.mpu_read_fifo     inv_mpu.o
    0x080093d8   0x080093d8   0x000000b0   Code   RO         6092    i.mpu_read_fifo_stream  inv_mpu.o
    0x08009488   0x08009488   0x00000068   Code   RO         6093    i.mpu_read_mem      inv_mpu.o
    0x080094f0   0x080094f0   0x0000016c   Code   RO         6096    i.mpu_reset_fifo    inv_mpu.o
    0x0800965c   0x0800965c   0x00000074   Code   RO         6100    i.mpu_set_accel_fsr  inv_mpu.o
    0x080096d0   0x080096d0   0x00000118   Code   RO         6101    i.mpu_set_bypass    inv_mpu.o
    0x080097e8   0x080097e8   0x0000007c   Code   RO         6103    i.mpu_set_dmp_state  inv_mpu.o
    0x08009864   0x08009864   0x00000078   Code   RO         6105    i.mpu_set_gyro_fsr  inv_mpu.o
    0x080098dc   0x080098dc   0x00000060   Code   RO         6106    i.mpu_set_int_latched  inv_mpu.o
    0x0800993c   0x0800993c   0x0000007c   Code   RO         6108    i.mpu_set_lpf       inv_mpu.o
    0x080099b8   0x080099b8   0x00000084   Code   RO         6109    i.mpu_set_sample_rate  inv_mpu.o
    0x08009a3c   0x08009a3c   0x000000b0   Code   RO         6110    i.mpu_set_sensors   inv_mpu.o
    0x08009aec   0x08009aec   0x00000068   Code   RO         6111    i.mpu_write_mem     inv_mpu.o
    0x08009b54   0x08009b54   0x000005c8   Code   RO         5987    i.read_from_mpl     analysis.o
    0x0800a11c   0x0800a11c   0x00000074   Code   RO         6112    i.set_int_enable    inv_mpu.o
    0x0800a190   0x0800a190   0x00000006   Code   RO         6780    i.set_sensor_orientation_and_scale  data_builder.o
    0x0800a196   0x0800a196   0x0000003e   Code   RO         8359    i.sqrtf             m_wm.l(sqrtf.o)
    0x0800a1d4   0x0800a1d4   0x000000a4   Code   RO         5988    i.tap_cb            analysis.o
    0x0800a278   0x0800a278   0x000011d0   Data   RO         5807    .constdata          fonts.o
    0x0800b448   0x0800b448   0x0000001e   Data   RO         6113    .constdata          inv_mpu.o
    0x0800b466   0x0800b466   0x0000000c   Data   RO         6114    .constdata          inv_mpu.o
    0x0800b472   0x0800b472   0x00000002   PAD
    0x0800b474   0x0800b474   0x00000028   Data   RO         6115    .constdata          inv_mpu.o
    0x0800b49c   0x0800b49c   0x00000bf6   Data   RO         6411    .constdata          inv_mpu_dmp_motion_driver.o
    0x0800c092   0x0800c092   0x0000002f   Data   RO         7643    .constdata          mpl.o
    0x0800c0c1   0x0800c0c1   0x00000003   PAD
    0x0800c0c4   0x0800c0c4   0x00000020   Data   RO         8717    .constdata          m_wm.l(rredf.o)
    0x0800c0e4   0x0800c0e4   0x00000009   Data   RO         5991    .conststring        analysis.o
    0x0800c0ed   0x0800c0ed   0x00000003   PAD
    0x0800c0f0   0x0800c0f0   0x00000044   Data   RO         6782    .conststring        data_builder.o
    0x0800c134   0x0800c134   0x00000020   Data   RO         8770    Region$$Table       anon$$obj.o


    Execution Region RW_IRAM1 (Exec base: 0x20000000, Load base: 0x0800c154, Size: 0x000011d8, Max: 0x00030000, ABSOLUTE)

    Exec Addr    Load Addr    Size         Type   Attr      Idx    E Section Name        Object

    0x20000000   0x0800c154   0x00000014   Data   RW           16    .data               system_stm32f4xx.o
    0x20000014   0x0800c168   0x00000010   Data   RW         2917    .data               stm32f4xx_rcc.o
    0x20000024   0x0800c178   0x00000004   Data   RW         5233    .data               stm32f4xx_it.o
    0x20000028   0x0800c17c   0x00000002   Data   RW         5388    .data               i2c.o
    0x2000002a   0x0800c17e   0x00000002   PAD
    0x2000002c   0x0800c180   0x00000008   Data   RW         5468    .data               bsp_systick.o
    0x20000034   0x0800c188   0x00000014   Data   RW         5587    .data               bsp_lcd.o
    0x20000048   0x0800c19c   0x00000008   Data   RW         5811    .data               fonts.o
    0x20000050   0x0800c1a4   0x00000002   Data   RW         5913    .data               bsp_adc.o
    0x20000052   0x0800c1a6   0x00000002   PAD
    0x20000054   0x0800c1a8   0x00000004   Data   RW         5993    .data               analysis.o
    0x20000058   0x0800c1ac   0x00000015   Data   RW         5994    .data               analysis.o
    0x2000006d   0x0800c1c1   0x00000003   PAD
    0x20000070   0x0800c1c4   0x0000002c   Data   RW         6116    .data               inv_mpu.o
    0x2000009c   0x0800c1f0   0x00000004   Data   RW         7263    .data               message_layer.o
    0x200000a0   0x0800c1f4   0x00000004   Data   RW         8739    .data               mc_w.l(stdout.o)
    0x200000a4   0x0800c1f8   0x00000004   Data   RW         8749    .data               mc_w.l(errno.o)
    0x200000a8        -       0x00000024   Zero   RW         5990    .bss                analysis.o
    0x200000cc        -       0x00000010   Zero   RW         6410    .bss                inv_mpu_dmp_motion_driver.o
    0x200000dc        -       0x00000028   Zero   RW         6637    .bss                empl_outputs.o
    0x20000104        -       0x000002d8   Zero   RW         6781    .bss                data_builder.o
    0x200003dc        -       0x000000c4   Zero   RW         7173    .bss                hal_outputs.o
    0x200004a0        -       0x00000088   Zero   RW         7712    .bss                results_holder.o
    0x20000528        -       0x00000054   Zero   RW         7913    .bss                start_manager.o
    0x2000057c        -       0x00000198   Zero   RW         7947    .bss                storage_manager.o
    0x20000714   0x0800c1fc   0x00000004   PAD
    0x20000718        -       0x000002a0   Zero   RW         7985    .bss                libmpllib.lib(fast_no_motion.o)
    0x200009b8        -       0x00000138   Zero   RW         8076    .bss                libmpllib.lib(fusion_9axis.o)
    0x20000af0        -       0x000001c4   Zero   RW         8101    .bss                libmpllib.lib(gyro_tc.o)
    0x20000cb4        -       0x0000006c   Zero   RW         8122    .bss                libmpllib.lib(quaternion_supervisor.o)
    0x20000d20        -       0x000000b8   Zero   RW         8140    .bss                libmpllib.lib(mag_disturb.o)
    0x20000dd8        -       0x00000400   Zero   RW            1    STACK               startup_stm32f429_439xx.o


==============================================================================

Image component sizes


      Code (inc. data)   RO Data    RW Data    ZI Data      Debug   Object Name

      2932        810          9         25         36       9473   analysis.o
       254         18          0          2          0       2273   bsp_adc.o
       134          4          0          0          0       1605   bsp_advance_tim.o
       188         16          0          0          0       1317   bsp_debug_usart.o
      1516        102          0         20          0       8565   bsp_lcd.o
       116         10          0          0          0        606   bsp_led.o
       122          6          0          0          0       1146   bsp_mpu_exti.o
       128          8          0          0          0        620   bsp_relay.o
      1216         28          0          0          0       3117   bsp_sdram.o
       136         30          0          8          0      29768   bsp_systick.o
      1752        236         68          0        728      24789   data_builder.o
       968         96          0          0         40       8449   empl_outputs.o
         0          0       4560          8          0       1288   fonts.o
       208         14          0          0        196       2936   hal_outputs.o
      1816        102          0          2          0       8020   i2c.o
      3832        148         82         44          0      27070   inv_mpu.o
      2404        126       3062          0         16      23045   inv_mpu_dmp_motion_driver.o
       542         18          0          0          0       2668   log_stm32.o
       224         90          0          0          0       9558   main.o
        40          8          0          4          0       1908   message_layer.o
       124         16          0          0          0       1811   misc.o
      1570         22          0          0          0      13448   ml_math_func.o
       252        102         47          0          0       5384   mpl.o
       626         88          0          0        136      12610   results_holder.o
       168         20          0          0         84       3496   start_manager.o
        36          8        428          0       1024        976   startup_stm32f429_439xx.o
       334         20          0          0          0       6948   stm32f4xx_adc.o
       108          4          0          0          0       2657   stm32f4xx_dma.o
       244         18          0          0          0       3364   stm32f4xx_dma2d.o
       148         16          0          0          0       2520   stm32f4xx_exti.o
       364         10          0          0          0       3959   stm32f4xx_fmc.o
       164          0          0          0          0       3239   stm32f4xx_gpio.o
       508         22          0          0          0       9662   stm32f4xx_i2c.o
       202         36          0          4          0       6877   stm32f4xx_it.o
       390         24          0          0          0       4854   stm32f4xx_ltdc.o
       440         74          0         16          0       9948   stm32f4xx_rcc.o
        44          6          0          0          0        728   stm32f4xx_syscfg.o
       204         28          0          0          0       4882   stm32f4xx_tim.o
       250          8          0          0          0       5058   stm32f4xx_usart.o
       132          8          0          0        408       2561   storage_manager.o
       304         34          0         20          0     360353   system_stm32f4xx.o

    ----------------------------------------------------------------------
     25182       2434       8296        160       2672     633556   Object Totals
         0          0         32          0          0          0   (incl. Generated)
        42          0          8          7          4          0   (incl. Padding)

    ----------------------------------------------------------------------

      Code (inc. data)   RO Data    RW Data    ZI Data      Debug   Library Member Name

      2584         42          0          0        672      20088   fast_no_motion.o
      1712         72          0          0        312       5636   fusion_9axis.o
      1220         32          0          0        452       5735   gyro_tc.o
      1472         48          0          0        184       7614   mag_disturb.o
      2452        130          0          0        108       5637   quaternion_supervisor.o
       280         46          0          0          0        176   acosf.o
       592         90          0          0          0        184   atan2f.o
       336         56          0          0          0        136   cosf.o
        38          0          0          0          0        116   fpclassifyf.o
        44         12          0          0          0        464   funder.o
       340         24         32          0          0        160   rredf.o
       400         56          0          0          0        212   sinf.o
       120          0          0          0          0        272   sqrtf.o
         0          0          0          0          0          0   entry.o
         0          0          0          0          0          0   entry10a.o
         0          0          0          0          0          0   entry11a.o
         8          4          0          0          0          0   entry2.o
         4          0          0          0          0          0   entry5.o
         0          0          0          0          0          0   entry7b.o
         0          0          0          0          0          0   entry8b.o
         8          4          0          0          0          0   entry9a.o
        12          6          0          4          0         68   errno.o
        30          0          0          0          0          0   handlers.o
        36          8          0          0          0         68   init.o
         0          0          0          0          0          0   iusefp.o
        98          0          0          0          0         84   ldiv.o
        30          0          0          0          0         68   llshl.o
        36          0          0          0          0         68   llsshr.o
        32          0          0          0          0         68   llushr.o
        26          0          0          0          0         80   memcmp.o
        64          0          0          0          0         76   memmovea.o
        36          0          0          0          0        108   memseta.o
      2344        102          0          0          0        684   printfa.o
         0          0          0          4          0          0   stdout.o
        44          0          0          0          0         80   uidiv.o
        98          0          0          0          0         92   uldiv.o
        48          0          0          0          0         68   cdrcmple.o
        56          0          0          0          0         88   d2f.o
       334          0          0          0          0        148   dadd.o
       222          0          0          0          0        100   ddiv.o
       186          0          0          0          0        176   depilogue.o
        62          0          0          0          0         80   dfixi.o
        48          0          0          0          0         68   dfixul.o
        34          0          0          0          0         76   dflti.o
       228          0          0          0          0         96   dmul.o
        38          0          0          0          0         68   f2d.o
       110          0          0          0          0        168   fepilogue.o
        66          0          0          0          0         76   ffixl.o
        44          0          0          0          0         92   ffltl.o

    ----------------------------------------------------------------------
     15982        732         32          8       1728      49278   Library Totals
        10          0          0          0          0          0   (incl. Padding)

    ----------------------------------------------------------------------

      Code (inc. data)   RO Data    RW Data    ZI Data      Debug   Library Name

      9440        324          0          0       1728      44710   libmpllib.lib
      2150        284         32          0          0       1720   m_wm.l
      2906        124          0          8          0       1544   mc_w.l
      1476          0          0          0          0       1304   mf_w.l

    ----------------------------------------------------------------------
     15982        732         32          8       1728      49278   Library Totals

    ----------------------------------------------------------------------

==============================================================================


      Code (inc. data)   RO Data    RW Data    ZI Data      Debug   

     41164       3166       8328        168       4400     652530   Grand Totals
     41164       3166       8328        168       4400     652530   ELF Image Totals
     41164       3166       8328        168          0          0   ROM Totals

==============================================================================

    Total RO  Size (Code + RO Data)                49492 (  48.33kB)
    Total RW  Size (RW Data + ZI Data)              4568 (   4.46kB)
    Total ROM Size (Code + RO Data + RW Data)      49660 (  48.50kB)

==============================================================================

